
đŸ€ Setting up test environment...

Clearing all rooms from previous runs...
âœ… Rooms cleared: All rooms cleared
âœ… Test environment ready


================================================================================
đŸ§ª TEST 1: Basic Connection Establishment
đŸ“ Verify both peers can connect and establish P2P connection
================================================================================

[A] Navigating to: http://localhost:3000/test-videolify?room=6a153ff371da509cabc2109e759a2afcd1bbe56f3ced55aaf77ef0cb88f1f5ae&name=Tutor A&role=tutor
[Peer A] %cDownload the React DevTools for a better development experience: https://reactjs.org/link/react-devtools font-weight:bold
[Peer A] Failed to load resource: the server responded with a status of 404 (Not Found)
[Peer A] âœ¨ [Videolify] Generated new peer ID: peer-1762507066484-6r63ctu74
[Peer A] Warning: %s is deprecated in StrictMode. %s was passed an instance of %s which is inside StrictMode. Instead, add a ref directly to the element you want to reference. Learn more about using refs safely here: https://reactjs.org/link/strict-mode-find-node%s findDOMNode findDOMNode DraggableCore 
    at div
    at DraggableCore (webpack-internal:///(app-pages-browser)/./node_modules/react-draggable/build/cjs/DraggableCore.js:75:5)
    at Draggable (webpack-internal:///(app-pages-browser)/./node_modules/react-draggable/build/cjs/Draggable.js:84:5)
    at div
    at div
    at div
    at VideolifyFull (webpack-internal:///(app-pages-browser)/./src/components/VideolifyFull.tsx:80:11)
    at TestVideolifyPage
    at ClientPageRoot (webpack-internal:///(app-pages-browser)/./node_modules/next/dist/client/components/client-page.js:14:11)
    at InnerLayoutRouter (webpack-internal:///(app-pages-browser)/./node_modules/next/dist/client/components/layout-router.js:243:11)
    at RedirectErrorBoundary (webpack-internal:///(app-pages-browser)/./node_modules/next/dist/client/components/redirect-boundary.js:74:9)
    at RedirectBoundary (webpack-internal:///(app-pages-browser)/./node_modules/next/dist/client/components/redirect-boundary.js:82:11)
    at NotFoundBoundary (webpack-internal:///(app-pages-browser)/./node_modules/next/dist/client/components/not-found-boundary.js:84:11)
    at LoadingBoundary (webpack-internal:///(app-pages-browser)/./node_modules/next/dist/client/components/layout-router.js:349:11)
    at ErrorBoundary (webpack-internal:///(app-pages-browser)/./node_modules/next/dist/client/components/error-boundary.js:160:11)
    at InnerScrollAndFocusHandler (webpack-internal:///(app-pages-browser)/./node_modules/next/dist/client/components/layout-router.js:153:9)
    at ScrollAndFocusHandler (webpack-internal:///(app-pages-browser)/./node_modules/next/dist/client/components/layout-router.js:228:11)
    at RenderFromTemplateContext (webpack-internal:///(app-pages-browser)/./node_modules/next/dist/client/components/render-from-template-context.js:16:44)
    at OuterLayoutRouter (webpack-internal:///(app-pages-browser)/./node_modules/next/dist/client/components/layout-router.js:370:11)
    at InnerLayoutRouter (webpack-internal:///(app-pages-browser)/./node_modules/next/dist/client/components/layout-router.js:243:11)
    at RedirectErrorBoundary (webpack-internal:///(app-pages-browser)/./node_modules/next/dist/client/components/redirect-boundary.js:74:9)
    at RedirectBoundary (webpack-internal:///(app-pages-browser)/./node_modules/next/dist/client/components/redirect-boundary.js:82:11)
    at NotFoundErrorBoundary (webpack-internal:///(app-pages-browser)/./node_modules/next/dist/client/components/not-found-boundary.js:76:9)
    at NotFoundBoundary (webpack-internal:///(app-pages-browser)/./node_modules/next/dist/client/components/not-found-boundary.js:84:11)
    at LoadingBoundary (webpack-internal:///(app-pages-browser)/./node_modules/next/dist/client/components/layout-router.js:349:11)
    at ErrorBoundary (webpack-internal:///(app-pages-browser)/./node_modules/next/dist/client/components/error-boundary.js:160:11)
    at InnerScrollAndFocusHandler (webpack-internal:///(app-pages-browser)/./node_modules/next/dist/client/components/layout-router.js:153:9)
    at ScrollAndFocusHandler (webpack-internal:///(app-pages-browser)/./node_modules/next/dist/client/components/layout-router.js:228:11)
    at RenderFromTemplateContext (webpack-internal:///(app-pages-browser)/./node_modules/next/dist/client/components/render-from-template-context.js:16:44)
    at OuterLayoutRouter (webpack-internal:///(app-pages-browser)/./node_modules/next/dist/client/components/layout-router.js:370:11)
    at main
    at div
    at Provider (webpack-internal:///(app-pages-browser)/./node_modules/@radix-ui/react-context/dist/index.mjs:34:15)
    at TooltipProvider (webpack-internal:///(app-pages-browser)/./node_modules/@radix-ui/react-tooltip/dist/index.mjs:58:13)
    at ThemeProvider (webpack-internal:///(app-pages-browser)/./src/components/ThemeProvider.tsx:14:11)
    at QueryClientProvider (webpack-internal:///(app-pages-browser)/./node_modules/@tanstack/react-query/build/modern/QueryClientProvider.js:27:11)
    at SessionProvider (webpack-internal:///(app-pages-browser)/./node_modules/next-auth/react/index.js:365:24)
    at Providers (webpack-internal:///(app-pages-browser)/./src/app/providers.tsx:28:11)
    at body
    at html
    at RootLayout (Server)
    at RedirectErrorBoundary (webpack-internal:///(app-pages-browser)/./node_modules/next/dist/client/components/redirect-boundary.js:74:9)
    at RedirectBoundary (webpack-internal:///(app-pages-browser)/./node_modules/next/dist/client/components/redirect-boundary.js:82:11)
    at NotFoundErrorBoundary (webpack-internal:///(app-pages-browser)/./node_modules/next/dist/client/components/not-found-boundary.js:76:9)
    at NotFoundBoundary (webpack-internal:///(app-pages-browser)/./node_modules/next/dist/client/components/not-found-boundary.js:84:11)
    at DevRootNotFoundBoundary (webpack-internal:///(app-pages-browser)/./node_modules/next/dist/client/components/dev-root-not-found-boundary.js:33:11)
    at ReactDevOverlay (webpack-internal:///(app-pages-browser)/./node_modules/next/dist/client/components/react-dev-overlay/app/ReactDevOverlay.js:87:9)
    at HotReload (webpack-internal:///(app-pages-browser)/./node_modules/next/dist/client/components/react-dev-overlay/app/hot-reloader-client.js:321:11)
    at Router (webpack-internal:///(app-pages-browser)/./node_modules/next/dist/client/components/app-router.js:207:11)
    at ErrorBoundaryHandler (webpack-internal:///(app-pages-browser)/./node_modules/next/dist/client/components/error-boundary.js:113:9)
    at ErrorBoundary (webpack-internal:///(app-pages-browser)/./node_modules/next/dist/client/components/error-boundary.js:160:11)
    at AppRouter (webpack-internal:///(app-pages-browser)/./node_modules/next/dist/client/components/app-router.js:585:13)
    at ServerRoot (webpack-internal:///(app-pages-browser)/./node_modules/next/dist/client/app-index.js:112:27)
    at Root (webpack-internal:///(app-pages-browser)/./node_modules/next/dist/client/app-index.js:117:11)
[Peer A] Warning: %s is deprecated in StrictMode. %s was passed an instance of %s which is inside StrictMode. Instead, add a ref directly to the element you want to reference. Learn more about using refs safely here: https://reactjs.org/link/strict-mode-find-node%s findDOMNode findDOMNode Draggable 
    at div
    at DraggableCore (webpack-internal:///(app-pages-browser)/./node_modules/react-draggable/build/cjs/DraggableCore.js:75:5)
    at Draggable (webpack-internal:///(app-pages-browser)/./node_modules/react-draggable/build/cjs/Draggable.js:84:5)
    at div
    at div
    at div
    at VideolifyFull (webpack-internal:///(app-pages-browser)/./src/components/VideolifyFull.tsx:80:11)
    at TestVideolifyPage
    at ClientPageRoot (webpack-internal:///(app-pages-browser)/./node_modules/next/dist/client/components/client-page.js:14:11)
    at InnerLayoutRouter (webpack-internal:///(app-pages-browser)/./node_modules/next/dist/client/components/layout-router.js:243:11)
    at RedirectErrorBoundary (webpack-internal:///(app-pages-browser)/./node_modules/next/dist/client/components/redirect-boundary.js:74:9)
    at RedirectBoundary (webpack-internal:///(app-pages-browser)/./node_modules/next/dist/client/components/redirect-boundary.js:82:11)
    at NotFoundBoundary (webpack-internal:///(app-pages-browser)/./node_modules/next/dist/client/components/not-found-boundary.js:84:11)
    at LoadingBoundary (webpack-internal:///(app-pages-browser)/./node_modules/next/dist/client/components/layout-router.js:349:11)
    at ErrorBoundary (webpack-internal:///(app-pages-browser)/./node_modules/next/dist/client/components/error-boundary.js:160:11)
    at InnerScrollAndFocusHandler (webpack-internal:///(app-pages-browser)/./node_modules/next/dist/client/components/layout-router.js:153:9)
    at ScrollAndFocusHandler (webpack-internal:///(app-pages-browser)/./node_modules/next/dist/client/components/layout-router.js:228:11)
    at RenderFromTemplateContext (webpack-internal:///(app-pages-browser)/./node_modules/next/dist/client/components/render-from-template-context.js:16:44)
    at OuterLayoutRouter (webpack-internal:///(app-pages-browser)/./node_modules/next/dist/client/components/layout-router.js:370:11)
    at InnerLayoutRouter (webpack-internal:///(app-pages-browser)/./node_modules/next/dist/client/components/layout-router.js:243:11)
    at RedirectErrorBoundary (webpack-internal:///(app-pages-browser)/./node_modules/next/dist/client/components/redirect-boundary.js:74:9)
    at RedirectBoundary (webpack-internal:///(app-pages-browser)/./node_modules/next/dist/client/components/redirect-boundary.js:82:11)
    at NotFoundErrorBoundary (webpack-internal:///(app-pages-browser)/./node_modules/next/dist/client/components/not-found-boundary.js:76:9)
    at NotFoundBoundary (webpack-internal:///(app-pages-browser)/./node_modules/next/dist/client/components/not-found-boundary.js:84:11)
    at LoadingBoundary (webpack-internal:///(app-pages-browser)/./node_modules/next/dist/client/components/layout-router.js:349:11)
    at ErrorBoundary (webpack-internal:///(app-pages-browser)/./node_modules/next/dist/client/components/error-boundary.js:160:11)
    at InnerScrollAndFocusHandler (webpack-internal:///(app-pages-browser)/./node_modules/next/dist/client/components/layout-router.js:153:9)
    at ScrollAndFocusHandler (webpack-internal:///(app-pages-browser)/./node_modules/next/dist/client/components/layout-router.js:228:11)
    at RenderFromTemplateContext (webpack-internal:///(app-pages-browser)/./node_modules/next/dist/client/components/render-from-template-context.js:16:44)
    at OuterLayoutRouter (webpack-internal:///(app-pages-browser)/./node_modules/next/dist/client/components/layout-router.js:370:11)
    at main
    at div
    at Provider (webpack-internal:///(app-pages-browser)/./node_modules/@radix-ui/react-context/dist/index.mjs:34:15)
    at TooltipProvider (webpack-internal:///(app-pages-browser)/./node_modules/@radix-ui/react-tooltip/dist/index.mjs:58:13)
    at ThemeProvider (webpack-internal:///(app-pages-browser)/./src/components/ThemeProvider.tsx:14:11)
    at QueryClientProvider (webpack-internal:///(app-pages-browser)/./node_modules/@tanstack/react-query/build/modern/QueryClientProvider.js:27:11)
    at SessionProvider (webpack-internal:///(app-pages-browser)/./node_modules/next-auth/react/index.js:365:24)
    at Providers (webpack-internal:///(app-pages-browser)/./src/app/providers.tsx:28:11)
    at body
    at html
    at RootLayout (Server)
    at RedirectErrorBoundary (webpack-internal:///(app-pages-browser)/./node_modules/next/dist/client/components/redirect-boundary.js:74:9)
    at RedirectBoundary (webpack-internal:///(app-pages-browser)/./node_modules/next/dist/client/components/redirect-boundary.js:82:11)
    at NotFoundErrorBoundary (webpack-internal:///(app-pages-browser)/./node_modules/next/dist/client/components/not-found-boundary.js:76:9)
    at NotFoundBoundary (webpack-internal:///(app-pages-browser)/./node_modules/next/dist/client/components/not-found-boundary.js:84:11)
    at DevRootNotFoundBoundary (webpack-internal:///(app-pages-browser)/./node_modules/next/dist/client/components/dev-root-not-found-boundary.js:33:11)
    at ReactDevOverlay (webpack-internal:///(app-pages-browser)/./node_modules/next/dist/client/components/react-dev-overlay/app/ReactDevOverlay.js:87:9)
    at HotReload (webpack-internal:///(app-pages-browser)/./node_modules/next/dist/client/components/react-dev-overlay/app/hot-reloader-client.js:321:11)
    at Router (webpack-internal:///(app-pages-browser)/./node_modules/next/dist/client/components/app-router.js:207:11)
    at ErrorBoundaryHandler (webpack-internal:///(app-pages-browser)/./node_modules/next/dist/client/components/error-boundary.js:113:9)
    at ErrorBoundary (webpack-internal:///(app-pages-browser)/./node_modules/next/dist/client/components/error-boundary.js:160:11)
    at AppRouter (webpack-internal:///(app-pages-browser)/./node_modules/next/dist/client/components/app-router.js:585:13)
    at ServerRoot (webpack-internal:///(app-pages-browser)/./node_modules/next/dist/client/app-index.js:112:27)
    at Root (webpack-internal:///(app-pages-browser)/./node_modules/next/dist/client/app-index.js:117:11)
[A] Page loaded
[B] Navigating to: http://localhost:3000/test-videolify?room=6a153ff371da509cabc2109e759a2afcd1bbe56f3ced55aaf77ef0cb88f1f5ae&name=Student B&role=student
[Peer A] [Videolify] Local media initialized
[Peer A] [Videolify] Joining room: 6a153ff371da509cabc2109e759a2afcd1bbe56f3ced55aaf77ef0cb88f1f5ae as peer: peer-1762507066484-6r63ctu74
[Peer A] [Videolify] Local media initialized
[Peer A] [Videolify] Already joined, skipping duplicate join from StrictMode
[Peer A] đŸ’¾ [Videolify] Session state saved with peerId: peer-1762507066484-6r63ctu74
[Peer A] [Videolify] Joined room: JSHandle@object
[Peer A] [Videolify] No existing peers, waiting for someone to join
[Peer A] đŸ’¾ [Videolify] Session state saved with peerId: peer-1762507066484-6r63ctu74
[Peer A] Failed to load resource: the server responded with a status of 404 (Not Found)
[Peer A] âœ… [Videolify] SSE connection opened
[Peer A] âœ… [Videolify] SSE connection opened
[Peer B] %cDownload the React DevTools for a better development experience: https://reactjs.org/link/react-devtools font-weight:bold
[Peer B] Failed to load resource: the server responded with a status of 404 (Not Found)
[Peer B] âœ¨ [Videolify] Generated new peer ID: peer-1762507074085-i5i4i619d
[Peer B] Warning: %s is deprecated in StrictMode. %s was passed an instance of %s which is inside StrictMode. Instead, add a ref directly to the element you want to reference. Learn more about using refs safely here: https://reactjs.org/link/strict-mode-find-node%s findDOMNode findDOMNode DraggableCore 
    at div
    at DraggableCore (webpack-internal:///(app-pages-browser)/./node_modules/react-draggable/build/cjs/DraggableCore.js:75:5)
    at Draggable (webpack-internal:///(app-pages-browser)/./node_modules/react-draggable/build/cjs/Draggable.js:84:5)
    at div
    at div
    at div
    at VideolifyFull (webpack-internal:///(app-pages-browser)/./src/components/VideolifyFull.tsx:80:11)
    at TestVideolifyPage
    at ClientPageRoot (webpack-internal:///(app-pages-browser)/./node_modules/next/dist/client/components/client-page.js:14:11)
    at InnerLayoutRouter (webpack-internal:///(app-pages-browser)/./node_modules/next/dist/client/components/layout-router.js:243:11)
    at RedirectErrorBoundary (webpack-internal:///(app-pages-browser)/./node_modules/next/dist/client/components/redirect-boundary.js:74:9)
    at RedirectBoundary (webpack-internal:///(app-pages-browser)/./node_modules/next/dist/client/components/redirect-boundary.js:82:11)
    at NotFoundBoundary (webpack-internal:///(app-pages-browser)/./node_modules/next/dist/client/components/not-found-boundary.js:84:11)
    at LoadingBoundary (webpack-internal:///(app-pages-browser)/./node_modules/next/dist/client/components/layout-router.js:349:11)
    at ErrorBoundary (webpack-internal:///(app-pages-browser)/./node_modules/next/dist/client/components/error-boundary.js:160:11)
    at InnerScrollAndFocusHandler (webpack-internal:///(app-pages-browser)/./node_modules/next/dist/client/components/layout-router.js:153:9)
    at ScrollAndFocusHandler (webpack-internal:///(app-pages-browser)/./node_modules/next/dist/client/components/layout-router.js:228:11)
    at RenderFromTemplateContext (webpack-internal:///(app-pages-browser)/./node_modules/next/dist/client/components/render-from-template-context.js:16:44)
    at OuterLayoutRouter (webpack-internal:///(app-pages-browser)/./node_modules/next/dist/client/components/layout-router.js:370:11)
    at InnerLayoutRouter (webpack-internal:///(app-pages-browser)/./node_modules/next/dist/client/components/layout-router.js:243:11)
    at RedirectErrorBoundary (webpack-internal:///(app-pages-browser)/./node_modules/next/dist/client/components/redirect-boundary.js:74:9)
    at RedirectBoundary (webpack-internal:///(app-pages-browser)/./node_modules/next/dist/client/components/redirect-boundary.js:82:11)
    at NotFoundErrorBoundary (webpack-internal:///(app-pages-browser)/./node_modules/next/dist/client/components/not-found-boundary.js:76:9)
    at NotFoundBoundary (webpack-internal:///(app-pages-browser)/./node_modules/next/dist/client/components/not-found-boundary.js:84:11)
    at LoadingBoundary (webpack-internal:///(app-pages-browser)/./node_modules/next/dist/client/components/layout-router.js:349:11)
    at ErrorBoundary (webpack-internal:///(app-pages-browser)/./node_modules/next/dist/client/components/error-boundary.js:160:11)
    at InnerScrollAndFocusHandler (webpack-internal:///(app-pages-browser)/./node_modules/next/dist/client/components/layout-router.js:153:9)
    at ScrollAndFocusHandler (webpack-internal:///(app-pages-browser)/./node_modules/next/dist/client/components/layout-router.js:228:11)
    at RenderFromTemplateContext (webpack-internal:///(app-pages-browser)/./node_modules/next/dist/client/components/render-from-template-context.js:16:44)
    at OuterLayoutRouter (webpack-internal:///(app-pages-browser)/./node_modules/next/dist/client/components/layout-router.js:370:11)
    at main
    at div
    at Provider (webpack-internal:///(app-pages-browser)/./node_modules/@radix-ui/react-context/dist/index.mjs:34:15)
    at TooltipProvider (webpack-internal:///(app-pages-browser)/./node_modules/@radix-ui/react-tooltip/dist/index.mjs:58:13)
    at ThemeProvider (webpack-internal:///(app-pages-browser)/./src/components/ThemeProvider.tsx:14:11)
    at QueryClientProvider (webpack-internal:///(app-pages-browser)/./node_modules/@tanstack/react-query/build/modern/QueryClientProvider.js:27:11)
    at SessionProvider (webpack-internal:///(app-pages-browser)/./node_modules/next-auth/react/index.js:365:24)
    at Providers (webpack-internal:///(app-pages-browser)/./src/app/providers.tsx:28:11)
    at body
    at html
    at RootLayout (Server)
    at RedirectErrorBoundary (webpack-internal:///(app-pages-browser)/./node_modules/next/dist/client/components/redirect-boundary.js:74:9)
    at RedirectBoundary (webpack-internal:///(app-pages-browser)/./node_modules/next/dist/client/components/redirect-boundary.js:82:11)
    at NotFoundErrorBoundary (webpack-internal:///(app-pages-browser)/./node_modules/next/dist/client/components/not-found-boundary.js:76:9)
    at NotFoundBoundary (webpack-internal:///(app-pages-browser)/./node_modules/next/dist/client/components/not-found-boundary.js:84:11)
    at DevRootNotFoundBoundary (webpack-internal:///(app-pages-browser)/./node_modules/next/dist/client/components/dev-root-not-found-boundary.js:33:11)
    at ReactDevOverlay (webpack-internal:///(app-pages-browser)/./node_modules/next/dist/client/components/react-dev-overlay/app/ReactDevOverlay.js:87:9)
    at HotReload (webpack-internal:///(app-pages-browser)/./node_modules/next/dist/client/components/react-dev-overlay/app/hot-reloader-client.js:321:11)
    at Router (webpack-internal:///(app-pages-browser)/./node_modules/next/dist/client/components/app-router.js:207:11)
    at ErrorBoundaryHandler (webpack-internal:///(app-pages-browser)/./node_modules/next/dist/client/components/error-boundary.js:113:9)
    at ErrorBoundary (webpack-internal:///(app-pages-browser)/./node_modules/next/dist/client/components/error-boundary.js:160:11)
    at AppRouter (webpack-internal:///(app-pages-browser)/./node_modules/next/dist/client/components/app-router.js:585:13)
    at ServerRoot (webpack-internal:///(app-pages-browser)/./node_modules/next/dist/client/app-index.js:112:27)
    at Root (webpack-internal:///(app-pages-browser)/./node_modules/next/dist/client/app-index.js:117:11)
[Peer B] Warning: %s is deprecated in StrictMode. %s was passed an instance of %s which is inside StrictMode. Instead, add a ref directly to the element you want to reference. Learn more about using refs safely here: https://reactjs.org/link/strict-mode-find-node%s findDOMNode findDOMNode Draggable 
    at div
    at DraggableCore (webpack-internal:///(app-pages-browser)/./node_modules/react-draggable/build/cjs/DraggableCore.js:75:5)
    at Draggable (webpack-internal:///(app-pages-browser)/./node_modules/react-draggable/build/cjs/Draggable.js:84:5)
    at div
    at div
    at div
    at VideolifyFull (webpack-internal:///(app-pages-browser)/./src/components/VideolifyFull.tsx:80:11)
    at TestVideolifyPage
    at ClientPageRoot (webpack-internal:///(app-pages-browser)/./node_modules/next/dist/client/components/client-page.js:14:11)
    at InnerLayoutRouter (webpack-internal:///(app-pages-browser)/./node_modules/next/dist/client/components/layout-router.js:243:11)
    at RedirectErrorBoundary (webpack-internal:///(app-pages-browser)/./node_modules/next/dist/client/components/redirect-boundary.js:74:9)
    at RedirectBoundary (webpack-internal:///(app-pages-browser)/./node_modules/next/dist/client/components/redirect-boundary.js:82:11)
    at NotFoundBoundary (webpack-internal:///(app-pages-browser)/./node_modules/next/dist/client/components/not-found-boundary.js:84:11)
    at LoadingBoundary (webpack-internal:///(app-pages-browser)/./node_modules/next/dist/client/components/layout-router.js:349:11)
    at ErrorBoundary (webpack-internal:///(app-pages-browser)/./node_modules/next/dist/client/components/error-boundary.js:160:11)
    at InnerScrollAndFocusHandler (webpack-internal:///(app-pages-browser)/./node_modules/next/dist/client/components/layout-router.js:153:9)
    at ScrollAndFocusHandler (webpack-internal:///(app-pages-browser)/./node_modules/next/dist/client/components/layout-router.js:228:11)
    at RenderFromTemplateContext (webpack-internal:///(app-pages-browser)/./node_modules/next/dist/client/components/render-from-template-context.js:16:44)
    at OuterLayoutRouter (webpack-internal:///(app-pages-browser)/./node_modules/next/dist/client/components/layout-router.js:370:11)
    at InnerLayoutRouter (webpack-internal:///(app-pages-browser)/./node_modules/next/dist/client/components/layout-router.js:243:11)
    at RedirectErrorBoundary (webpack-internal:///(app-pages-browser)/./node_modules/next/dist/client/components/redirect-boundary.js:74:9)
    at RedirectBoundary (webpack-internal:///(app-pages-browser)/./node_modules/next/dist/client/components/redirect-boundary.js:82:11)
    at NotFoundErrorBoundary (webpack-internal:///(app-pages-browser)/./node_modules/next/dist/client/components/not-found-boundary.js:76:9)
    at NotFoundBoundary (webpack-internal:///(app-pages-browser)/./node_modules/next/dist/client/components/not-found-boundary.js:84:11)
    at LoadingBoundary (webpack-internal:///(app-pages-browser)/./node_modules/next/dist/client/components/layout-router.js:349:11)
    at ErrorBoundary (webpack-internal:///(app-pages-browser)/./node_modules/next/dist/client/components/error-boundary.js:160:11)
    at InnerScrollAndFocusHandler (webpack-internal:///(app-pages-browser)/./node_modules/next/dist/client/components/layout-router.js:153:9)
    at ScrollAndFocusHandler (webpack-internal:///(app-pages-browser)/./node_modules/next/dist/client/components/layout-router.js:228:11)
    at RenderFromTemplateContext (webpack-internal:///(app-pages-browser)/./node_modules/next/dist/client/components/render-from-template-context.js:16:44)
    at OuterLayoutRouter (webpack-internal:///(app-pages-browser)/./node_modules/next/dist/client/components/layout-router.js:370:11)
    at main
    at div
    at Provider (webpack-internal:///(app-pages-browser)/./node_modules/@radix-ui/react-context/dist/index.mjs:34:15)
    at TooltipProvider (webpack-internal:///(app-pages-browser)/./node_modules/@radix-ui/react-tooltip/dist/index.mjs:58:13)
    at ThemeProvider (webpack-internal:///(app-pages-browser)/./src/components/ThemeProvider.tsx:14:11)
    at QueryClientProvider (webpack-internal:///(app-pages-browser)/./node_modules/@tanstack/react-query/build/modern/QueryClientProvider.js:27:11)
    at SessionProvider (webpack-internal:///(app-pages-browser)/./node_modules/next-auth/react/index.js:365:24)
    at Providers (webpack-internal:///(app-pages-browser)/./src/app/providers.tsx:28:11)
    at body
    at html
    at RootLayout (Server)
    at RedirectErrorBoundary (webpack-internal:///(app-pages-browser)/./node_modules/next/dist/client/components/redirect-boundary.js:74:9)
    at RedirectBoundary (webpack-internal:///(app-pages-browser)/./node_modules/next/dist/client/components/redirect-boundary.js:82:11)
    at NotFoundErrorBoundary (webpack-internal:///(app-pages-browser)/./node_modules/next/dist/client/components/not-found-boundary.js:76:9)
    at NotFoundBoundary (webpack-internal:///(app-pages-browser)/./node_modules/next/dist/client/components/not-found-boundary.js:84:11)
    at DevRootNotFoundBoundary (webpack-internal:///(app-pages-browser)/./node_modules/next/dist/client/components/dev-root-not-found-boundary.js:33:11)
    at ReactDevOverlay (webpack-internal:///(app-pages-browser)/./node_modules/next/dist/client/components/react-dev-overlay/app/ReactDevOverlay.js:87:9)
    at HotReload (webpack-internal:///(app-pages-browser)/./node_modules/next/dist/client/components/react-dev-overlay/app/hot-reloader-client.js:321:11)
    at Router (webpack-internal:///(app-pages-browser)/./node_modules/next/dist/client/components/app-router.js:207:11)
    at ErrorBoundaryHandler (webpack-internal:///(app-pages-browser)/./node_modules/next/dist/client/components/error-boundary.js:113:9)
    at ErrorBoundary (webpack-internal:///(app-pages-browser)/./node_modules/next/dist/client/components/error-boundary.js:160:11)
    at AppRouter (webpack-internal:///(app-pages-browser)/./node_modules/next/dist/client/components/app-router.js:585:13)
    at ServerRoot (webpack-internal:///(app-pages-browser)/./node_modules/next/dist/client/app-index.js:112:27)
    at Root (webpack-internal:///(app-pages-browser)/./node_modules/next/dist/client/app-index.js:117:11)
[B] Page loaded
[Peer B] [Videolify] Local media initialized
[Peer B] [Videolify] Joining room: 6a153ff371da509cabc2109e759a2afcd1bbe56f3ced55aaf77ef0cb88f1f5ae as peer: peer-1762507074085-i5i4i619d
[Peer B] [Videolify] Local media initialized
[Peer B] [Videolify] Already joined, skipping duplicate join from StrictMode
[Peer B] đŸ’¾ [Videolify] Session state saved with peerId: peer-1762507074085-i5i4i619d
[Peer B] Failed to load resource: the server responded with a status of 404 (Not Found)
[Peer A] [Videolify] Peer joined event: JSHandle@object
[Peer A] [Videolify] Remote peer ID saved: peer-1762507074085-i5i4i619d
[Peer A] [Videolify] Existing peer creating offer to new peer: peer-1762507074085-i5i4i619d
[Peer B] [Videolify] Joined room: JSHandle@object
[Peer A] [Videolify] Creating peer connection, createOffer: true
[Peer B] [Videolify] Found existing peer: peer-1762507066484-6r63ctu74
[Peer B] [Videolify] Creating offer to existing peer (media will follow): peer-1762507066484-6r63ctu74
[Peer B] [Videolify] Creating peer connection, createOffer: true
[Peer A] [Videolify] Adding 2 local tracks to peer connection
[Peer A] [Videolify] Adding track: audio
[Peer A] [Videolify] Adding track: video
[Peer A] đŸ¨ [Videolify] Setting up whiteboard channel, current state: connecting
[Peer A] đŸ’¬ [Videolify] Setting up chat channel, current state: connecting
[Peer A] đŸ›ï¸ [Videolify] Setting up control channel, current state: connecting
[Peer A] đŸ“ [Videolify] Setting up file channel, current state: connecting
[Peer A] [Videolify] Creating and sending offer to remotePeer: peer-1762507074085-i5i4i619d
[Peer A] [Videolify] Peer joined event: JSHandle@object
[Peer A] [Videolify] DEBUG - Checking F5 scenario: JSHandle@object
[Peer A] [Videolify] Connection already exists, ignoring peer-joined
[Peer A] [Videolify] Local description set (offer)
[Peer A] [Videolify] ICE gathering state: gathering
[Peer A] [Videolify] Sending ICE candidate to signaling server
[Peer A] [Videolify] Sending ICE candidate to signaling server
[Peer A] [Videolify] Sending ICE candidate to signaling server
[Peer A] [Videolify] Sending ICE candidate to signaling server
[Peer A] [Videolify] Sending ICE candidate to signaling server
[Peer A] [Videolify] Sending ICE candidate to signaling server
[Peer A] [Videolify] Sending ICE candidate to signaling server
[Peer A] [Videolify] Sending ICE candidate to signaling server
[Peer A] [Videolify] Sending ICE candidate to signaling server
[Peer A] [Videolify] Sending ICE candidate to signaling server
[Peer A] [Videolify] Sending ICE candidate to signaling server
[Peer A] [Videolify] Sending ICE candidate to signaling server
[Peer A] [Videolify] Sending ICE candidate to signaling server
[Peer A] [Videolify] Sending ICE candidate to signaling server
[Peer A] [Videolify] Sending ICE candidate to signaling server
Checking connection states...
[Peer A] [Videolify] Offer sent to: peer-1762507074085-i5i4i619d with messageId: offer-peer-1762507066484-6r63ctu74-1762507077684
[Peer A] [Videolify] ICE candidate sent
[Peer A] [Videolify] ICE candidate sent
[Peer A] [Videolify] ICE candidate sent
[Peer A] [Videolify] ICE candidate sent
[Peer A] [Videolify] ICE candidate sent
[Peer A] [Videolify] ICE candidate sent
[Peer A] [Videolify] ICE candidate sent
[Peer B] [Videolify] Adding 2 local tracks to peer connection
[Peer B] [Videolify] Adding track: audio
[Peer B] [Videolify] Adding track: video
[Peer B] đŸ¨ [Videolify] Setting up whiteboard channel, current state: connecting
[Peer B] đŸ’¬ [Videolify] Setting up chat channel, current state: connecting
[Peer B] đŸ›ï¸ [Videolify] Setting up control channel, current state: connecting
[Peer B] đŸ“ [Videolify] Setting up file channel, current state: connecting
[Peer B] [Videolify] Creating and sending offer to remotePeer: peer-1762507066484-6r63ctu74
[Peer B] âœ… [Videolify] SSE connection opened
[Peer B] [Videolify] Received offer from peer peer-1762507066484-6r63ctu74
[Peer B] đŸ¤ [Videolify] Peer role assigned: IMPOLITE (local: peer-1762507074085-i5i4i619d, remote: peer-1762507066484-6r63ctu74)
[Peer B] â ï¸ [Videolify] IMPOLITE peer ignoring colliding offer
[Peer B] [Videolify] Queuing ICE candidate - remote description not ready
[Peer B] [Videolify] Queuing ICE candidate - remote description not ready
[Peer B] [Videolify] Queuing ICE candidate - remote description not ready
[Peer B] [Videolify] Queuing ICE candidate - remote description not ready
[Peer B] [Videolify] Queuing ICE candidate - remote description not ready
[Peer B] [Videolify] Queuing ICE candidate - remote description not ready
[Peer B] [Videolify] Queuing ICE candidate - remote description not ready
[Peer B] âœ… [Videolify] SSE connection opened
[Peer B] [Videolify] Received offer from peer peer-1762507066484-6r63ctu74
[Peer B] đŸ¤ [Videolify] Peer role assigned: IMPOLITE (local: peer-1762507074085-i5i4i619d, remote: peer-1762507066484-6r63ctu74)
[Peer B] â ï¸ [Videolify] IMPOLITE peer ignoring colliding offer
[Peer B] [Videolify] Queuing ICE candidate - remote description not ready
[Peer B] [Videolify] Queuing ICE candidate - remote description not ready
[Peer B] [Videolify] Queuing ICE candidate - remote description not ready
[Peer B] [Videolify] Queuing ICE candidate - remote description not ready
[Peer B] [Videolify] Queuing ICE candidate - remote description not ready
[Peer B] [Videolify] Queuing ICE candidate - remote description not ready
[Peer B] [Videolify] Queuing ICE candidate - remote description not ready
State A: {
  "channelStates": {
    "whiteboard": "connecting",
    "chat": "connecting",
    "control": "connecting",
    "file": "connecting"
  },
  "isConnecting": false,
  "connectionStats": {
    "iceState": "new",
    "connected": false
  },
  "remotePeerId": "peer-1762507074085-i5i4i619d",
  "peerConnectionState": "new",
  "iceConnectionState": "new",
  "iceGatheringState": "new",
  "hasRemoteVideo": false,
  "hasLocalVideo": true
}
State B: {
  "channelStates": {
    "whiteboard": "closed",
    "chat": "closed",
    "control": "closed",
    "file": "closed"
  },
  "isConnecting": false,
  "connectionStats": {
    "iceState": "new",
    "connected": false
  },
  "remotePeerId": null,
  "hasRemoteVideo": false,
  "hasLocalVideo": true
}
Waiting for ICE negotiation (up to 60s)...
[Peer B] [Videolify] Local description set (offer)
[Peer B] [Videolify] ICE gathering state: gathering
[Peer B] [Videolify] Sending ICE candidate to signaling server
[Peer B] [Videolify] Sending ICE candidate to signaling server
[Peer B] [Videolify] Sending ICE candidate to signaling server
[Peer B] [Videolify] Sending ICE candidate to signaling server
[Peer B] [Videolify] Sending ICE candidate to signaling server
[Peer B] [Videolify] Sending ICE candidate to signaling server
[Peer B] [Videolify] Sending ICE candidate to signaling server
[Peer B] [Videolify] Sending ICE candidate to signaling server
[Peer B] [Videolify] Sending ICE candidate to signaling server
[Peer B] [Videolify] Sending ICE candidate to signaling server
[Peer B] [Videolify] Sending ICE candidate to signaling server
[Peer B] [Videolify] Sending ICE candidate to signaling server
[Peer B] [Videolify] Sending ICE candidate to signaling server
[Peer B] [Videolify] Sending ICE candidate to signaling server
[Peer B] [Videolify] Sending ICE candidate to signaling server
[Peer A] [Videolify] ICE candidate sent
[Peer A] [Videolify] ICE candidate sent
[Peer A] [Videolify] ICE candidate sent
[Peer A] [Videolify] ICE candidate sent
[Peer B] [Videolify] Queuing ICE candidate - remote description not ready
[Peer B] [Videolify] Queuing ICE candidate - remote description not ready
[Peer B] [Videolify] Queuing ICE candidate - remote description not ready
[Peer B] [Videolify] Queuing ICE candidate - remote description not ready
[Peer B] [Videolify] Queuing ICE candidate - remote description not ready
[Peer B] [Videolify] Queuing ICE candidate - remote description not ready
[Peer B] [Videolify] Queuing ICE candidate - remote description not ready
[Peer B] [Videolify] Queuing ICE candidate - remote description not ready
[Peer B] [Videolify] Offer sent to: peer-1762507066484-6r63ctu74 with messageId: offer-peer-1762507074085-i5i4i619d-1762507079086
[Peer B] đŸ’¾ [Videolify] Session state saved with peerId: peer-1762507074085-i5i4i619d
[Peer B] [Videolify] ICE candidate sent
[Peer B] [Videolify] ICE candidate sent
[Peer B] [Videolify] ICE candidate sent
[Peer A] [Videolify] Received offer from peer peer-1762507074085-i5i4i619d
[Peer A] đŸ¤ [Videolify] Peer role assigned: POLITE (local: peer-1762507066484-6r63ctu74, remote: peer-1762507074085-i5i4i619d)
[Peer A] đŸ”„ [Videolify] POLITE peer detected collision (signalingState: have-local-offer, makingOffer: false)
[Peer A] đŸ”„ [Videolify] Performing rollback to accept incoming offer
[Peer A] [Videolify] Queuing ICE candidate - remote description not ready
[Peer A] [Videolify] Queuing ICE candidate - remote description not ready
[Peer A] [Videolify] Queuing ICE candidate - remote description not ready
[Peer A] [Videolify] Received offer from peer peer-1762507074085-i5i4i619d
[Peer A] đŸ¤ [Videolify] Peer role assigned: POLITE (local: peer-1762507066484-6r63ctu74, remote: peer-1762507074085-i5i4i619d)
[Peer A] đŸ”„ [Videolify] POLITE peer detected collision (signalingState: have-local-offer, makingOffer: false)
[Peer A] đŸ”„ [Videolify] Performing rollback to accept incoming offer
[Peer A] [Videolify] Queuing ICE candidate - remote description not ready
[Peer A] [Videolify] Queuing ICE candidate - remote description not ready
[Peer A] [Videolify] Queuing ICE candidate - remote description not ready
[Peer A] âœ… [Videolify] Rollback successful, now in stable state
[Peer A] [Videolify] Setting remote description (offer) - signalingState: stable
[Peer A] âŒ [Videolify] Rollback failed: JSHandle@error
[Peer A] [Videolify] Setting remote description (offer) - signalingState: stable
[Peer A] [Videolify] ICE gathering state: new
[Peer A] [Videolify] ontrack event fired!
[Peer A] [Videolify] Track kind: audio
[Peer A] [Videolify] Streams: JSHandle@array
[Peer A] [Videolify] remoteVideoRef.current: JSHandle@node
[Peer A] âœ… [Videolify] Remote video stream attached
[Peer A] [Videolify] ontrack event fired!
[Peer A] [Videolify] Track kind: video
[Peer A] [Videolify] Streams: JSHandle@array
[Peer A] [Videolify] remoteVideoRef.current: JSHandle@node
[Peer A] âœ… [Videolify] Remote video stream attached
[Peer A] [Videolify] signalingState after setRemoteDescription: have-remote-offer
[Peer A] [Videolify] Draining queued ICE candidates: 6
[Peer A] [Videolify] signalingState after setRemoteDescription: have-remote-offer
[Peer A] [Videolify] Draining queued ICE candidates: 5
[Peer A] [Videolify] Creating answer...
[Peer A] [Videolify] Creating answer...
[Peer A] [Videolify] Local description set (answer)
[Peer A] [Videolify] Failed to set local description (answer): JSHandle@error
[Peer A] [Videolify] Ignoring setLocalDescription error - already in stable state
[Peer A] [Videolify] ICE gathering state: gathering
[Peer A] [Videolify] ICE connection state: checking
[Peer A] [Videolify] Sending ICE candidate to signaling server
[Peer B] [Videolify] ICE connection state: checking
[Peer A] [Videolify] Sending ICE candidate to signaling server
[Peer B] [Videolify] Connection state: connecting
[Peer B] đŸ”„ [Videolify] Connection establishing...
[Peer A] [Videolify] Connection state: connecting
[Peer A] đŸ”„ [Videolify] Connection establishing...
[Peer A] [Videolify] ICE connection state: connected
[Peer A] âœ… [Videolify] ICE Connection established/restored
[Peer A] [Videolify] ICE gathering state: complete
[Peer A] âœ… [Videolify] ICE gathering completed successfully
[Peer A] [Videolify] ICE gathering complete (null candidate)
[Peer A] [Videolify] ICE candidate sent
[Peer A] [Videolify] ICE candidate sent
[Peer A] [Videolify] ICE candidate sent
[Peer A] [Videolify] ICE candidate sent
[Peer B] [Videolify] Queuing ICE candidate - remote description not ready
[Peer B] [Videolify] Queuing ICE candidate - remote description not ready
[Peer B] [Videolify] Queuing ICE candidate - remote description not ready
[Peer B] [Videolify] Queuing ICE candidate - remote description not ready
[Peer B] [Videolify] Queuing ICE candidate - remote description not ready
[Peer B] [Videolify] Queuing ICE candidate - remote description not ready
[Peer B] [Videolify] Queuing ICE candidate - remote description not ready
[Peer B] [Videolify] Queuing ICE candidate - remote description not ready
[Peer B] [Videolify] ICE candidate sent
[Peer B] [Videolify] ICE candidate sent
[Peer B] [Videolify] ICE candidate sent
[Peer B] [Videolify] ICE candidate sent
[Peer A] [Videolify] Adding ICE candidate
[Peer A] [Videolify] Adding ICE candidate
[Peer A] [Videolify] Adding ICE candidate
[Peer A] [Videolify] Adding ICE candidate
[Peer A] [Videolify] Adding ICE candidate
[Peer A] [Videolify] Adding ICE candidate
[Peer A] [Videolify] Adding ICE candidate
[Peer A] [Videolify] Adding ICE candidate
[Peer A] [Videolify] ICE candidate added successfully
[Peer A] [Videolify] ICE candidate added successfully
[Peer A] [Videolify] ICE candidate added successfully
[Peer A] [Videolify] ICE candidate added successfully
[Peer A] [Videolify] ICE candidate added successfully
[Peer A] [Videolify] ICE candidate added successfully
[Peer A] [Videolify] ICE candidate added successfully
[Peer A] [Videolify] ICE candidate added successfully
[Peer A] [Videolify] Answer sent to signaling server (targeted to: peer-1762507074085-i5i4i619d messageId: answer-peer-1762507066484-6r63ctu74-1762507079948 )
[Peer A] [Videolify] ICE candidate sent
[Peer A] [Videolify] ICE candidate sent
[Peer B] [Videolify] Received answer from peer peer-1762507066484-6r63ctu74
[Peer B] [Videolify] Setting remote description (answer) - signalingState: have-local-offer
[Peer B] [Videolify] Queuing ICE candidate - remote description not ready
[Peer B] [Videolify] Queuing ICE candidate - remote description not ready
[Peer B] [Videolify] Received answer from peer peer-1762507066484-6r63ctu74
[Peer B] [Videolify] Setting remote description (answer) - signalingState: have-local-offer
[Peer B] [Videolify] Queuing ICE candidate - remote description not ready
[Peer B] [Videolify] Queuing ICE candidate - remote description not ready
[Peer B] [Videolify] ontrack event fired!
[Peer B] [Videolify] Track kind: audio
[Peer B] [Videolify] Streams: JSHandle@array
[Peer B] [Videolify] remoteVideoRef.current: JSHandle@node
[Peer B] âœ… [Videolify] Remote video stream attached
[Peer B] [Videolify] ontrack event fired!
[Peer B] [Videolify] Track kind: video
[Peer B] [Videolify] Streams: JSHandle@array
[Peer B] [Videolify] remoteVideoRef.current: JSHandle@node
[Peer B] âœ… [Videolify] Remote video stream attached
[Peer B] âœ… [Videolify] Remote description (answer) set successfully
[Peer B] [Videolify] Draining queued ICE candidates (answer): 34
[Peer B] [Videolify] Failed to set remote description (answer): JSHandle@error
[Peer B] [Videolify] Ignoring setRemoteDescription error - already in stable state (race condition)
[Peer B] [Videolify] ICE gathering state: complete
[Peer B] âœ… [Videolify] ICE gathering completed successfully
[Peer B] [Videolify] ICE gathering complete (null candidate)
[Peer B] [Videolify] ICE connection state: connected
[Peer B] âœ… [Videolify] ICE Connection established/restored
[Peer A] [Videolify] Connection state: connected
[Peer A] âœ… [Videolify] P2P Connection Established - Server load now 0%
[Peer B] âœ… [Videolify] Whiteboard DataChannel OPEN - Ready for P2P drawing
[Peer B] âœ… [Videolify] Chat DataChannel OPEN - Ready for P2P messaging
[Peer B] âœ… [Videolify] Control DataChannel OPEN
[Peer B] âœ… [Videolify] File DataChannel OPEN - Ready for P2P file transfer
[Peer A] âœ… [Videolify] Whiteboard DataChannel OPEN - Ready for P2P drawing
[Peer A] âœ… [Videolify] Chat DataChannel OPEN - Ready for P2P messaging
[Peer A] âœ… [Videolify] Control DataChannel OPEN
[Peer A] âœ… [Videolify] File DataChannel OPEN - Ready for P2P file transfer
[Peer B] [Videolify] Connection state: connected
[Peer B] âœ… [Videolify] P2P Connection Established - Server load now 0%
[Peer B] [Videolify] ICE candidate sent
[Peer B] [Videolify] ICE candidate sent
[Peer B] [Videolify] ICE candidate sent
[Peer B] [Videolify] ICE candidate sent
[Peer A] [Videolify] Adding ICE candidate
[Peer A] [Videolify] Adding ICE candidate
[Peer A] [Videolify] Adding ICE candidate
[Peer A] [Videolify] Adding ICE candidate
[Peer A] [Videolify] Adding ICE candidate
[Peer A] [Videolify] Adding ICE candidate
[Peer A] [Videolify] Adding ICE candidate
[Peer A] [Videolify] Adding ICE candidate
[Peer A] [Videolify] ICE candidate added successfully
[Peer A] [Videolify] ICE candidate added successfully
[Peer A] [Videolify] ICE candidate added successfully
[Peer A] [Videolify] ICE candidate added successfully
[Peer A] [Videolify] ICE candidate added successfully
[Peer A] [Videolify] ICE candidate added successfully
[Peer A] [Videolify] ICE candidate added successfully
[Peer A] [Videolify] ICE candidate added successfully
[Peer B] [Videolify] ICE candidate sent
[Peer B] [Videolify] ICE candidate sent
[Peer B] [Videolify] ICE candidate sent
[Peer B] [Videolify] ICE candidate sent
[Peer A] [Videolify] Adding ICE candidate
[Peer A] [Videolify] Adding ICE candidate
[Peer A] [Videolify] Adding ICE candidate
[Peer A] [Videolify] Adding ICE candidate
[Peer A] [Videolify] Adding ICE candidate
[Peer A] [Videolify] Adding ICE candidate
[Peer A] [Videolify] Adding ICE candidate
[Peer A] [Videolify] Adding ICE candidate
[Peer A] [Videolify] ICE candidate added successfully
[Peer A] [Videolify] ICE candidate added successfully
[Peer A] [Videolify] ICE candidate added successfully
[Peer A] [Videolify] ICE candidate added successfully
[Peer A] [Videolify] ICE candidate added successfully
[Peer A] [Videolify] ICE candidate added successfully
[Peer A] [Videolify] ICE candidate added successfully
[Peer A] [Videolify] ICE candidate added successfully
[Peer B] đŸ‘ï¸ [Videolify] TEST MODE - Skipping visibility change handler
[Peer B] đŸ‘ï¸ [Videolify] TEST MODE - Skipping visibility change handler
[Peer A] â ï¸ [Videolify] No pong received for 19614ms - connection may be dead
State A after 10s: {
  "channelStates": {
    "whiteboard": "open",
    "chat": "open",
    "control": "open",
    "file": "open"
  },
  "isConnecting": false,
  "connectionStats": {
    "iceState": "connected",
    "connected": true
  },
  "remotePeerId": "peer-1762507074085-i5i4i619d",
  "peerConnectionState": "connected",
  "iceConnectionState": "connected",
  "iceGatheringState": "complete",
  "hasRemoteVideo": true,
  "hasLocalVideo": true
}
State B after 10s: {
  "channelStates": {
    "whiteboard": "open",
    "chat": "open",
    "control": "open",
    "file": "open"
  },
  "isConnecting": false,
  "connectionStats": {
    "iceState": "connected",
    "connected": true
  },
  "remotePeerId": "peer-1762507066484-6r63ctu74",
  "peerConnectionState": "connected",
  "iceConnectionState": "connected",
  "iceGatheringState": "complete",
  "hasRemoteVideo": true,
  "hasLocalVideo": true
}
[A] Waiting for connection...
âœ… [A] Connected successfully
[B] Waiting for connection...
âœ… [B] Connected successfully
Channels A: { whiteboard: 'open', chat: 'open', control: 'open', file: 'open' }
Channels B: { whiteboard: 'open', chat: 'open', control: 'open', file: 'open' }
Latency A: 0ms, B: 0ms

âœ… PASSED (25856ms)


================================================================================
đŸ§ª TEST 2: F5 Refresh Recovery
đŸ“ Verify connection persists after F5 refresh
================================================================================

[A] Refreshing page (F5)...
[Peer A] â ï¸ [Videolify] Page unloading, session will be preserved
[Peer A] đŸ’¾ [Videolify] Saved peer session before unload: peer-1762507066484-6r63ctu74
[Peer A] đŸ—‘ï¸ [Videolify] Cleared active tab marker before unload
[Peer A] đŸ‘ï¸ [Videolify] TEST MODE - Skipping visibility change handler
[Peer A] [Videolify] SSE error: JSHandle@object
[Peer A] [Videolify] Signaling disconnected - reconnecting in 1s (Attempt 1/10)
[Peer A] [Videolify] SSE error: JSHandle@object
[Peer A] [Videolify] Signaling disconnected - reconnecting in 1s (Attempt 1/10)
[Peer B] âŒ [Videolify] Whiteboard DataChannel ERROR: JSHandle@object
[Peer B] â ï¸ [Videolify] Whiteboard DataChannel CLOSED
[Peer B] [Videolify] Attempting to recreate whiteboard channel...
[Peer B] â ï¸ [Videolify] Chat DataChannel CLOSED
[Peer B] [Videolify] Attempting to recreate chat channel...
[Peer B] â ï¸ [Videolify] Control DataChannel CLOSED
[Peer B] [Videolify] Attempting to recreate control channel...
[A] Page reloaded, waiting for page to be ready...
[Peer B] â ï¸ [Videolify] File DataChannel CLOSED
[Peer A] %cDownload the React DevTools for a better development experience: https://reactjs.org/link/react-devtools font-weight:bold
[Peer A] âœ¨ [Videolify] Generated new peer ID: peer-1762507090841-knt1nfc1a
[Peer B] đŸ¨ [Videolify] Setting up whiteboard channel, current state: connecting
[Peer B] đŸ’¬ [Videolify] Setting up chat channel, current state: connecting
[Peer B] đŸ›ï¸ [Videolify] Setting up control channel, current state: connecting
[Peer A] Warning: %s is deprecated in StrictMode. %s was passed an instance of %s which is inside StrictMode. Instead, add a ref directly to the element you want to reference. Learn more about using refs safely here: https://reactjs.org/link/strict-mode-find-node%s findDOMNode findDOMNode DraggableCore 
    at div
    at DraggableCore (webpack-internal:///(app-pages-browser)/./node_modules/react-draggable/build/cjs/DraggableCore.js:75:5)
    at Draggable (webpack-internal:///(app-pages-browser)/./node_modules/react-draggable/build/cjs/Draggable.js:84:5)
    at div
    at div
    at div
    at VideolifyFull (webpack-internal:///(app-pages-browser)/./src/components/VideolifyFull.tsx:80:11)
    at TestVideolifyPage
    at ClientPageRoot (webpack-internal:///(app-pages-browser)/./node_modules/next/dist/client/components/client-page.js:14:11)
    at InnerLayoutRouter (webpack-internal:///(app-pages-browser)/./node_modules/next/dist/client/components/layout-router.js:243:11)
    at RedirectErrorBoundary (webpack-internal:///(app-pages-browser)/./node_modules/next/dist/client/components/redirect-boundary.js:74:9)
    at RedirectBoundary (webpack-internal:///(app-pages-browser)/./node_modules/next/dist/client/components/redirect-boundary.js:82:11)
    at NotFoundBoundary (webpack-internal:///(app-pages-browser)/./node_modules/next/dist/client/components/not-found-boundary.js:84:11)
    at LoadingBoundary (webpack-internal:///(app-pages-browser)/./node_modules/next/dist/client/components/layout-router.js:349:11)
    at ErrorBoundary (webpack-internal:///(app-pages-browser)/./node_modules/next/dist/client/components/error-boundary.js:160:11)
    at InnerScrollAndFocusHandler (webpack-internal:///(app-pages-browser)/./node_modules/next/dist/client/components/layout-router.js:153:9)
    at ScrollAndFocusHandler (webpack-internal:///(app-pages-browser)/./node_modules/next/dist/client/components/layout-router.js:228:11)
    at RenderFromTemplateContext (webpack-internal:///(app-pages-browser)/./node_modules/next/dist/client/components/render-from-template-context.js:16:44)
    at OuterLayoutRouter (webpack-internal:///(app-pages-browser)/./node_modules/next/dist/client/components/layout-router.js:370:11)
    at InnerLayoutRouter (webpack-internal:///(app-pages-browser)/./node_modules/next/dist/client/components/layout-router.js:243:11)
    at RedirectErrorBoundary (webpack-internal:///(app-pages-browser)/./node_modules/next/dist/client/components/redirect-boundary.js:74:9)
    at RedirectBoundary (webpack-internal:///(app-pages-browser)/./node_modules/next/dist/client/components/redirect-boundary.js:82:11)
    at NotFoundErrorBoundary (webpack-internal:///(app-pages-browser)/./node_modules/next/dist/client/components/not-found-boundary.js:76:9)
    at NotFoundBoundary (webpack-internal:///(app-pages-browser)/./node_modules/next/dist/client/components/not-found-boundary.js:84:11)
    at LoadingBoundary (webpack-internal:///(app-pages-browser)/./node_modules/next/dist/client/components/layout-router.js:349:11)
    at ErrorBoundary (webpack-internal:///(app-pages-browser)/./node_modules/next/dist/client/components/error-boundary.js:160:11)
    at InnerScrollAndFocusHandler (webpack-internal:///(app-pages-browser)/./node_modules/next/dist/client/components/layout-router.js:153:9)
    at ScrollAndFocusHandler (webpack-internal:///(app-pages-browser)/./node_modules/next/dist/client/components/layout-router.js:228:11)
    at RenderFromTemplateContext (webpack-internal:///(app-pages-browser)/./node_modules/next/dist/client/components/render-from-template-context.js:16:44)
    at OuterLayoutRouter (webpack-internal:///(app-pages-browser)/./node_modules/next/dist/client/components/layout-router.js:370:11)
    at main
    at div
    at Provider (webpack-internal:///(app-pages-browser)/./node_modules/@radix-ui/react-context/dist/index.mjs:34:15)
    at TooltipProvider (webpack-internal:///(app-pages-browser)/./node_modules/@radix-ui/react-tooltip/dist/index.mjs:58:13)
    at ThemeProvider (webpack-internal:///(app-pages-browser)/./src/components/ThemeProvider.tsx:14:11)
    at QueryClientProvider (webpack-internal:///(app-pages-browser)/./node_modules/@tanstack/react-query/build/modern/QueryClientProvider.js:27:11)
    at SessionProvider (webpack-internal:///(app-pages-browser)/./node_modules/next-auth/react/index.js:365:24)
    at Providers (webpack-internal:///(app-pages-browser)/./src/app/providers.tsx:28:11)
    at body
    at html
    at RootLayout (Server)
    at RedirectErrorBoundary (webpack-internal:///(app-pages-browser)/./node_modules/next/dist/client/components/redirect-boundary.js:74:9)
    at RedirectBoundary (webpack-internal:///(app-pages-browser)/./node_modules/next/dist/client/components/redirect-boundary.js:82:11)
    at NotFoundErrorBoundary (webpack-internal:///(app-pages-browser)/./node_modules/next/dist/client/components/not-found-boundary.js:76:9)
    at NotFoundBoundary (webpack-internal:///(app-pages-browser)/./node_modules/next/dist/client/components/not-found-boundary.js:84:11)
    at DevRootNotFoundBoundary (webpack-internal:///(app-pages-browser)/./node_modules/next/dist/client/components/dev-root-not-found-boundary.js:33:11)
    at ReactDevOverlay (webpack-internal:///(app-pages-browser)/./node_modules/next/dist/client/components/react-dev-overlay/app/ReactDevOverlay.js:87:9)
    at HotReload (webpack-internal:///(app-pages-browser)/./node_modules/next/dist/client/components/react-dev-overlay/app/hot-reloader-client.js:321:11)
    at Router (webpack-internal:///(app-pages-browser)/./node_modules/next/dist/client/components/app-router.js:207:11)
    at ErrorBoundaryHandler (webpack-internal:///(app-pages-browser)/./node_modules/next/dist/client/components/error-boundary.js:113:9)
    at ErrorBoundary (webpack-internal:///(app-pages-browser)/./node_modules/next/dist/client/components/error-boundary.js:160:11)
    at AppRouter (webpack-internal:///(app-pages-browser)/./node_modules/next/dist/client/components/app-router.js:585:13)
    at ServerRoot (webpack-internal:///(app-pages-browser)/./node_modules/next/dist/client/app-index.js:112:27)
    at Root (webpack-internal:///(app-pages-browser)/./node_modules/next/dist/client/app-index.js:117:11)
[Peer A] Warning: %s is deprecated in StrictMode. %s was passed an instance of %s which is inside StrictMode. Instead, add a ref directly to the element you want to reference. Learn more about using refs safely here: https://reactjs.org/link/strict-mode-find-node%s findDOMNode findDOMNode Draggable 
    at div
    at DraggableCore (webpack-internal:///(app-pages-browser)/./node_modules/react-draggable/build/cjs/DraggableCore.js:75:5)
    at Draggable (webpack-internal:///(app-pages-browser)/./node_modules/react-draggable/build/cjs/Draggable.js:84:5)
    at div
    at div
    at div
    at VideolifyFull (webpack-internal:///(app-pages-browser)/./src/components/VideolifyFull.tsx:80:11)
    at TestVideolifyPage
    at ClientPageRoot (webpack-internal:///(app-pages-browser)/./node_modules/next/dist/client/components/client-page.js:14:11)
    at InnerLayoutRouter (webpack-internal:///(app-pages-browser)/./node_modules/next/dist/client/components/layout-router.js:243:11)
    at RedirectErrorBoundary (webpack-internal:///(app-pages-browser)/./node_modules/next/dist/client/components/redirect-boundary.js:74:9)
    at RedirectBoundary (webpack-internal:///(app-pages-browser)/./node_modules/next/dist/client/components/redirect-boundary.js:82:11)
    at NotFoundBoundary (webpack-internal:///(app-pages-browser)/./node_modules/next/dist/client/components/not-found-boundary.js:84:11)
    at LoadingBoundary (webpack-internal:///(app-pages-browser)/./node_modules/next/dist/client/components/layout-router.js:349:11)
    at ErrorBoundary (webpack-internal:///(app-pages-browser)/./node_modules/next/dist/client/components/error-boundary.js:160:11)
    at InnerScrollAndFocusHandler (webpack-internal:///(app-pages-browser)/./node_modules/next/dist/client/components/layout-router.js:153:9)
    at ScrollAndFocusHandler (webpack-internal:///(app-pages-browser)/./node_modules/next/dist/client/components/layout-router.js:228:11)
    at RenderFromTemplateContext (webpack-internal:///(app-pages-browser)/./node_modules/next/dist/client/components/render-from-template-context.js:16:44)
    at OuterLayoutRouter (webpack-internal:///(app-pages-browser)/./node_modules/next/dist/client/components/layout-router.js:370:11)
    at InnerLayoutRouter (webpack-internal:///(app-pages-browser)/./node_modules/next/dist/client/components/layout-router.js:243:11)
    at RedirectErrorBoundary (webpack-internal:///(app-pages-browser)/./node_modules/next/dist/client/components/redirect-boundary.js:74:9)
    at RedirectBoundary (webpack-internal:///(app-pages-browser)/./node_modules/next/dist/client/components/redirect-boundary.js:82:11)
    at NotFoundErrorBoundary (webpack-internal:///(app-pages-browser)/./node_modules/next/dist/client/components/not-found-boundary.js:76:9)
    at NotFoundBoundary (webpack-internal:///(app-pages-browser)/./node_modules/next/dist/client/components/not-found-boundary.js:84:11)
    at LoadingBoundary (webpack-internal:///(app-pages-browser)/./node_modules/next/dist/client/components/layout-router.js:349:11)
    at ErrorBoundary (webpack-internal:///(app-pages-browser)/./node_modules/next/dist/client/components/error-boundary.js:160:11)
    at InnerScrollAndFocusHandler (webpack-internal:///(app-pages-browser)/./node_modules/next/dist/client/components/layout-router.js:153:9)
    at ScrollAndFocusHandler (webpack-internal:///(app-pages-browser)/./node_modules/next/dist/client/components/layout-router.js:228:11)
    at RenderFromTemplateContext (webpack-internal:///(app-pages-browser)/./node_modules/next/dist/client/components/render-from-template-context.js:16:44)
    at OuterLayoutRouter (webpack-internal:///(app-pages-browser)/./node_modules/next/dist/client/components/layout-router.js:370:11)
    at main
    at div
    at Provider (webpack-internal:///(app-pages-browser)/./node_modules/@radix-ui/react-context/dist/index.mjs:34:15)
    at TooltipProvider (webpack-internal:///(app-pages-browser)/./node_modules/@radix-ui/react-tooltip/dist/index.mjs:58:13)
    at ThemeProvider (webpack-internal:///(app-pages-browser)/./src/components/ThemeProvider.tsx:14:11)
    at QueryClientProvider (webpack-internal:///(app-pages-browser)/./node_modules/@tanstack/react-query/build/modern/QueryClientProvider.js:27:11)
    at SessionProvider (webpack-internal:///(app-pages-browser)/./node_modules/next-auth/react/index.js:365:24)
    at Providers (webpack-internal:///(app-pages-browser)/./src/app/providers.tsx:28:11)
    at body
    at html
    at RootLayout (Server)
    at RedirectErrorBoundary (webpack-internal:///(app-pages-browser)/./node_modules/next/dist/client/components/redirect-boundary.js:74:9)
    at RedirectBoundary (webpack-internal:///(app-pages-browser)/./node_modules/next/dist/client/components/redirect-boundary.js:82:11)
    at NotFoundErrorBoundary (webpack-internal:///(app-pages-browser)/./node_modules/next/dist/client/components/not-found-boundary.js:76:9)
    at NotFoundBoundary (webpack-internal:///(app-pages-browser)/./node_modules/next/dist/client/components/not-found-boundary.js:84:11)
    at DevRootNotFoundBoundary (webpack-internal:///(app-pages-browser)/./node_modules/next/dist/client/components/dev-root-not-found-boundary.js:33:11)
    at ReactDevOverlay (webpack-internal:///(app-pages-browser)/./node_modules/next/dist/client/components/react-dev-overlay/app/ReactDevOverlay.js:87:9)
    at HotReload (webpack-internal:///(app-pages-browser)/./node_modules/next/dist/client/components/react-dev-overlay/app/hot-reloader-client.js:321:11)
    at Router (webpack-internal:///(app-pages-browser)/./node_modules/next/dist/client/components/app-router.js:207:11)
    at ErrorBoundaryHandler (webpack-internal:///(app-pages-browser)/./node_modules/next/dist/client/components/error-boundary.js:113:9)
    at ErrorBoundary (webpack-internal:///(app-pages-browser)/./node_modules/next/dist/client/components/error-boundary.js:160:11)
    at AppRouter (webpack-internal:///(app-pages-browser)/./node_modules/next/dist/client/components/app-router.js:585:13)
    at ServerRoot (webpack-internal:///(app-pages-browser)/./node_modules/next/dist/client/app-index.js:112:27)
    at Root (webpack-internal:///(app-pages-browser)/./node_modules/next/dist/client/app-index.js:117:11)
[Peer A] [Videolify] Local media initialized
[Peer A] [Videolify] Joining room: 6a153ff371da509cabc2109e759a2afcd1bbe56f3ced55aaf77ef0cb88f1f5ae as peer: peer-1762507090841-knt1nfc1a
[Peer A] [Videolify] Local media initialized
[Peer A] [Videolify] Already joined, skipping duplicate join from StrictMode
[Peer A] đŸ’¾ [Videolify] Session state saved with peerId: peer-1762507090841-knt1nfc1a
[Peer A] Failed to load resource: the server responded with a status of 404 (Not Found)
[Peer A] [Videolify] Joined room: JSHandle@object
[Peer A] [Videolify] Found existing peer: peer-1762507074085-i5i4i619d
[Peer A] [Videolify] Creating offer to existing peer (media will follow): peer-1762507074085-i5i4i619d
[Peer A] [Videolify] Creating peer connection, createOffer: true
[Peer B] [Videolify] Peer left - initiating graceful disconnect
[Peer B] [Videolify] Closing peer connection gracefully
[Peer A] [Videolify] Adding 2 local tracks to peer connection
[Peer A] [Videolify] Adding track: audio
[Peer A] [Videolify] Adding track: video
[Peer B] [Videolify] Peer joined event: JSHandle@object
[Peer B] [Videolify] Peer rejoined within 30s window - fast reconnect
[Peer B] [Videolify] Remote peer ID saved: peer-1762507090841-knt1nfc1a
[Peer B] [Videolify] Existing peer creating offer to new peer: peer-1762507090841-knt1nfc1a
[Peer B] [Videolify] Creating peer connection, createOffer: true
[Peer B] [Videolify] Adding 2 local tracks to peer connection
[Peer B] [Videolify] Adding track: audio
[Peer B] [Videolify] Adding track: video
[Peer A] đŸ¨ [Videolify] Setting up whiteboard channel, current state: connecting
[Peer A] đŸ’¬ [Videolify] Setting up chat channel, current state: connecting
[Peer A] đŸ›ï¸ [Videolify] Setting up control channel, current state: connecting
[Peer A] đŸ“ [Videolify] Setting up file channel, current state: connecting
[Peer A] [Videolify] Creating and sending offer to remotePeer: peer-1762507074085-i5i4i619d
[Peer B] đŸ¨ [Videolify] Setting up whiteboard channel, current state: connecting
[Peer B] đŸ’¬ [Videolify] Setting up chat channel, current state: connecting
[Peer B] đŸ›ï¸ [Videolify] Setting up control channel, current state: connecting
[Peer B] đŸ“ [Videolify] Setting up file channel, current state: connecting
[Peer B] [Videolify] Creating and sending offer to remotePeer: peer-1762507090841-knt1nfc1a
[Peer B] [Videolify] Peer joined event: JSHandle@object
[Peer B] [Videolify] DEBUG - Checking F5 scenario: JSHandle@object
[Peer B] [Videolify] Connection already exists, ignoring peer-joined
[Peer B] â ï¸ [Videolify] Whiteboard DataChannel CLOSED
[Peer B] â ï¸ [Videolify] Chat DataChannel CLOSED
[Peer A] âœ… [Videolify] SSE connection opened
[Peer A] âœ… [Videolify] SSE connection opened
[Peer B] â ï¸ [Videolify] Control DataChannel CLOSED
[Peer A] [Videolify] Local description set (offer)
[Peer A] [Videolify] ICE gathering state: gathering
[Peer B] [Videolify] Local description set (offer)
[Peer B] [Videolify] ICE gathering state: gathering
[Peer A] [Videolify] Sending ICE candidate to signaling server
[Peer A] [Videolify] Sending ICE candidate to signaling server
[Peer B] [Videolify] Sending ICE candidate to signaling server
[Peer B] [Videolify] Sending ICE candidate to signaling server
[Peer A] [Videolify] Sending ICE candidate to signaling server
[Peer B] [Videolify] Sending ICE candidate to signaling server
[Peer B] [Videolify] Sending ICE candidate to signaling server
[Peer A] [Videolify] Sending ICE candidate to signaling server
[Peer B] [Videolify] Sending ICE candidate to signaling server
[Peer A] [Videolify] Sending ICE candidate to signaling server
[Peer B] [Videolify] Sending ICE candidate to signaling server
[Peer A] [Videolify] Sending ICE candidate to signaling server
[Peer B] [Videolify] Sending ICE candidate to signaling server
[Peer A] [Videolify] Sending ICE candidate to signaling server
[Peer A] [Videolify] Sending ICE candidate to signaling server
[Peer B] [Videolify] Sending ICE candidate to signaling server
[Peer B] [Videolify] Sending ICE candidate to signaling server
[Peer A] [Videolify] Sending ICE candidate to signaling server
[Peer B] [Videolify] Sending ICE candidate to signaling server
[Peer B] [Videolify] Sending ICE candidate to signaling server
[Peer B] [Videolify] Sending ICE candidate to signaling server
[Peer B] [Videolify] Sending ICE candidate to signaling server
[Peer B] [Videolify] Sending ICE candidate to signaling server
[Peer B] [Videolify] Sending ICE candidate to signaling server
[Peer A] [Videolify] Sending ICE candidate to signaling server
[Peer A] [Videolify] Sending ICE candidate to signaling server
[Peer A] [Videolify] Sending ICE candidate to signaling server
[Peer A] [Videolify] Sending ICE candidate to signaling server
[Peer A] [Videolify] Sending ICE candidate to signaling server
[Peer A] [Videolify] Sending ICE candidate to signaling server
[Peer A] [Videolify] Offer sent to: peer-1762507074085-i5i4i619d with messageId: offer-peer-1762507090841-knt1nfc1a-1762507093634
[Peer A] đŸ’¾ [Videolify] Session state saved with peerId: peer-1762507090841-knt1nfc1a
[Peer A] [Videolify] ICE candidate sent
[Peer A] [Videolify] ICE candidate sent
[Peer A] [Videolify] ICE candidate sent
[Peer B] [Videolify] Offer sent to: peer-1762507090841-knt1nfc1a with messageId: offer-peer-1762507074085-i5i4i619d-1762507093642
[Peer B] [Videolify] ICE candidate sent
[Peer B] [Videolify] ICE candidate sent
[Peer B] [Videolify] ICE candidate sent
[Peer A] [Videolify] Received offer from peer peer-1762507074085-i5i4i619d
[Peer A] đŸ¤ [Videolify] Peer role assigned: IMPOLITE (local: peer-1762507090841-knt1nfc1a, remote: peer-1762507074085-i5i4i619d)
[Peer B] [Videolify] Received offer from peer peer-1762507090841-knt1nfc1a
[Peer A] â ï¸ [Videolify] IMPOLITE peer ignoring colliding offer
[Peer B] đŸ¤ [Videolify] Peer role assigned: POLITE (local: peer-1762507074085-i5i4i619d, remote: peer-1762507090841-knt1nfc1a)
[Peer B] đŸ”„ [Videolify] POLITE peer detected collision (signalingState: have-local-offer, makingOffer: false)
[Peer A] [Videolify] Queuing ICE candidate - remote description not ready
[Peer B] đŸ”„ [Videolify] Performing rollback to accept incoming offer
[Peer A] [Videolify] Queuing ICE candidate - remote description not ready
[Peer B] [Videolify] Queuing ICE candidate - remote description not ready
[Peer A] [Videolify] Queuing ICE candidate - remote description not ready
[Peer B] [Videolify] Queuing ICE candidate - remote description not ready
[Peer B] [Videolify] Queuing ICE candidate - remote description not ready
[Peer A] [Videolify] Received offer from peer peer-1762507074085-i5i4i619d
[Peer A] đŸ¤ [Videolify] Peer role assigned: IMPOLITE (local: peer-1762507090841-knt1nfc1a, remote: peer-1762507074085-i5i4i619d)
[Peer A] â ï¸ [Videolify] IMPOLITE peer ignoring colliding offer
[Peer B] [Videolify] Received offer from peer peer-1762507090841-knt1nfc1a
[Peer B] đŸ¤ [Videolify] Peer role assigned: POLITE (local: peer-1762507074085-i5i4i619d, remote: peer-1762507090841-knt1nfc1a)
[Peer A] [Videolify] Queuing ICE candidate - remote description not ready
[Peer B] đŸ”„ [Videolify] POLITE peer detected collision (signalingState: have-local-offer, makingOffer: false)
[Peer B] đŸ”„ [Videolify] Performing rollback to accept incoming offer
[Peer A] [Videolify] Queuing ICE candidate - remote description not ready
[Peer B] [Videolify] Queuing ICE candidate - remote description not ready
[Peer A] [Videolify] Queuing ICE candidate - remote description not ready
[Peer B] [Videolify] Queuing ICE candidate - remote description not ready
[Peer B] [Videolify] Queuing ICE candidate - remote description not ready
[Peer B] âœ… [Videolify] Rollback successful, now in stable state
[Peer B] [Videolify] Setting remote description (offer) - signalingState: stable
[Peer B] âŒ [Videolify] Rollback failed: JSHandle@error
[Peer B] [Videolify] Setting remote description (offer) - signalingState: stable
[Peer B] [Videolify] ICE gathering state: new
[Peer B] [Videolify] ontrack event fired!
[Peer B] [Videolify] Track kind: audio
[Peer B] [Videolify] Streams: JSHandle@array
[Peer B] [Videolify] remoteVideoRef.current: JSHandle@node
[Peer B] âœ… [Videolify] Remote video stream attached
[Peer B] [Videolify] ontrack event fired!
[Peer B] [Videolify] Track kind: video
[Peer B] [Videolify] Streams: JSHandle@array
[Peer B] [Videolify] remoteVideoRef.current: JSHandle@node
[Peer B] âœ… [Videolify] Remote video stream attached
[Peer B] [Videolify] signalingState after setRemoteDescription: have-remote-offer
[Peer B] [Videolify] Draining queued ICE candidates: 6
[Peer B] [Videolify] signalingState after setRemoteDescription: have-remote-offer
[Peer B] [Videolify] Draining queued ICE candidates: 5
[Peer B] [Videolify] Creating answer...
[Peer B] [Videolify] Creating answer...
[Peer B] [Videolify] Local description set (answer)
[Peer B] [Videolify] Failed to set local description (answer): JSHandle@error
[Peer B] [Videolify] Ignoring setLocalDescription error - already in stable state
[Peer B] [Videolify] ICE gathering state: gathering
[Peer B] [Videolify] ICE connection state: checking
[Peer B] [Videolify] Sending ICE candidate to signaling server
[Peer A] [Videolify] ICE connection state: checking
[Peer B] [Videolify] Sending ICE candidate to signaling server
[Peer B] [Videolify] Connection state: connecting
[Peer B] đŸ”„ [Videolify] Connection establishing...
[Peer A] [Videolify] Connection state: connecting
[Peer A] đŸ”„ [Videolify] Connection establishing...
[Peer B] [Videolify] Sending ICE candidate to signaling server
[Peer B] [Videolify] Sending ICE candidate to signaling server
[Peer B] [Videolify] Sending ICE candidate to signaling server
[Peer B] [Videolify] ICE connection state: connected
[Peer B] âœ… [Videolify] ICE Connection established/restored
[Peer B] [Videolify] ICE gathering state: complete
[Peer B] âœ… [Videolify] ICE gathering completed successfully
[Peer B] [Videolify] ICE gathering complete (null candidate)
[Peer B] [Videolify] ICE candidate sent
[Peer A] [Videolify] ICE candidate sent
[Peer A] [Videolify] ICE candidate sent
[Peer B] [Videolify] ICE candidate sent
[Peer A] [Videolify] ICE candidate sent
[Peer B] [Videolify] ICE candidate sent
[Peer A] [Videolify] ICE candidate sent
[Peer B] [Videolify] ICE candidate sent
[Peer A] [Videolify] Queuing ICE candidate - remote description not ready
[Peer A] [Videolify] Queuing ICE candidate - remote description not ready
[Peer A] [Videolify] Queuing ICE candidate - remote description not ready
[Peer A] [Videolify] Queuing ICE candidate - remote description not ready
[Peer A] [Videolify] Queuing ICE candidate - remote description not ready
[Peer B] [Videolify] Adding ICE candidate
[Peer A] [Videolify] Queuing ICE candidate - remote description not ready
[Peer B] [Videolify] Adding ICE candidate
[Peer A] [Videolify] Queuing ICE candidate - remote description not ready
[Peer A] [Videolify] Queuing ICE candidate - remote description not ready
[Peer B] [Videolify] Adding ICE candidate
[Peer B] [Videolify] Adding ICE candidate
[Peer B] [Videolify] Adding ICE candidate
[Peer B] [Videolify] Adding ICE candidate
[Peer B] [Videolify] Adding ICE candidate
[Peer B] [Videolify] Adding ICE candidate
[Peer B] [Videolify] ICE candidate added successfully
[Peer B] [Videolify] ICE candidate added successfully
[Peer B] [Videolify] ICE candidate added successfully
[Peer B] [Videolify] ICE candidate added successfully
[Peer B] [Videolify] ICE candidate added successfully
[Peer B] [Videolify] ICE candidate added successfully
[Peer B] [Videolify] ICE candidate added successfully
[Peer B] [Videolify] ICE candidate added successfully
[Peer B] [Videolify] ICE candidate sent
[Peer A] [Videolify] ICE candidate sent
[Peer B] [Videolify] ICE candidate sent
[Peer A] [Videolify] ICE candidate sent
[Peer B] [Videolify] ICE candidate sent
[Peer A] [Videolify] ICE candidate sent
[Peer B] [Videolify] ICE candidate sent
[Peer A] [Videolify] ICE candidate sent
[Peer A] [Videolify] Queuing ICE candidate - remote description not ready
[Peer A] [Videolify] Queuing ICE candidate - remote description not ready
[Peer B] [Videolify] Adding ICE candidate
[Peer A] [Videolify] Queuing ICE candidate - remote description not ready
[Peer A] [Videolify] Queuing ICE candidate - remote description not ready
[Peer B] [Videolify] Adding ICE candidate
[Peer A] [Videolify] Queuing ICE candidate - remote description not ready
[Peer A] [Videolify] Queuing ICE candidate - remote description not ready
[Peer A] [Videolify] Queuing ICE candidate - remote description not ready
[Peer A] [Videolify] Queuing ICE candidate - remote description not ready
[Peer B] [Videolify] Adding ICE candidate
[Peer B] [Videolify] Adding ICE candidate
[Peer B] [Videolify] Adding ICE candidate
[Peer B] [Videolify] Adding ICE candidate
[Peer B] [Videolify] Adding ICE candidate
[Peer B] [Videolify] Adding ICE candidate
[Peer B] [Videolify] ICE candidate added successfully
[Peer B] [Videolify] ICE candidate added successfully
[Peer B] [Videolify] ICE candidate added successfully
[Peer B] [Videolify] ICE candidate added successfully
[Peer B] [Videolify] ICE candidate added successfully
[Peer B] [Videolify] ICE candidate added successfully
[Peer B] [Videolify] ICE candidate added successfully
[Peer B] [Videolify] ICE candidate added successfully
[Peer A] [Videolify] ICE candidate sent
[Peer B] [Videolify] ICE candidate sent
[Peer B] [Videolify] ICE candidate sent
[Peer A] [Videolify] ICE candidate sent
[Peer A] [Videolify] ICE candidate sent
[Peer A] [Videolify] ICE candidate sent
[Peer B] [Videolify] ICE candidate sent
[Peer B] [Videolify] ICE candidate sent
[Peer A] [Videolify] Queuing ICE candidate - remote description not ready
[Peer A] [Videolify] Queuing ICE candidate - remote description not ready
[Peer A] [Videolify] Queuing ICE candidate - remote description not ready
[Peer A] [Videolify] Queuing ICE candidate - remote description not ready
[Peer A] [Videolify] Queuing ICE candidate - remote description not ready
[Peer A] [Videolify] Queuing ICE candidate - remote description not ready
[Peer A] [Videolify] Queuing ICE candidate - remote description not ready
[Peer A] [Videolify] Queuing ICE candidate - remote description not ready
[Peer B] [Videolify] Adding ICE candidate
[Peer B] [Videolify] Adding ICE candidate
[Peer B] [Videolify] Adding ICE candidate
[Peer B] [Videolify] Adding ICE candidate
[Peer B] [Videolify] Adding ICE candidate
[Peer B] [Videolify] Adding ICE candidate
[Peer B] [Videolify] Adding ICE candidate
[Peer B] [Videolify] Adding ICE candidate
[Peer B] [Videolify] ICE candidate added successfully
[Peer B] [Videolify] ICE candidate added successfully
[Peer B] [Videolify] ICE candidate added successfully
[Peer B] [Videolify] ICE candidate added successfully
[Peer B] [Videolify] ICE candidate added successfully
[Peer B] [Videolify] ICE candidate added successfully
[Peer B] [Videolify] ICE candidate added successfully
[Peer B] [Videolify] ICE candidate added successfully
[Peer B] [Videolify] Answer sent to signaling server (targeted to: peer-1762507090841-knt1nfc1a messageId: answer-peer-1762507074085-i5i4i619d-1762507094840 )
[Peer B] [Videolify] ICE candidate sent
[Peer B] [Videolify] ICE candidate sent
[Peer B] [Videolify] ICE candidate sent
[Peer A] [Videolify] Received answer from peer peer-1762507074085-i5i4i619d
[Peer A] [Videolify] Setting remote description (answer) - signalingState: have-local-offer
[Peer A] [Videolify] Queuing ICE candidate - remote description not ready
[Peer A] [Videolify] Queuing ICE candidate - remote description not ready
[Peer A] [Videolify] Queuing ICE candidate - remote description not ready
[Peer A] [Videolify] Received answer from peer peer-1762507074085-i5i4i619d
[Peer A] [Videolify] Setting remote description (answer) - signalingState: have-local-offer
[Peer A] [Videolify] Queuing ICE candidate - remote description not ready
[Peer A] [Videolify] Queuing ICE candidate - remote description not ready
[Peer A] [Videolify] Queuing ICE candidate - remote description not ready
[Peer B] [Videolify] Connection state: connected
[Peer B] âœ… [Videolify] P2P Connection Established - Server load now 0%
[Peer A] [Videolify] ontrack event fired!
[Peer A] [Videolify] Track kind: audio
[Peer A] [Videolify] Streams: JSHandle@array
[Peer A] [Videolify] remoteVideoRef.current: JSHandle@node
[Peer A] âœ… [Videolify] Remote video stream attached
[Peer A] [Videolify] ontrack event fired!
[Peer A] [Videolify] Track kind: video
[Peer A] [Videolify] Streams: JSHandle@array
[Peer A] [Videolify] remoteVideoRef.current: JSHandle@node
[Peer A] âœ… [Videolify] Remote video stream attached
[Peer A] [Videolify] ICE connection state: connected
[Peer A] âœ… [Videolify] ICE Connection established/restored
[Peer A] âœ… [Videolify] Remote description (answer) set successfully
[Peer A] [Videolify] Draining queued ICE candidates (answer): 36
[Peer A] [Videolify] Failed to set remote description (answer): JSHandle@error
[Peer A] [Videolify] Ignoring setRemoteDescription error - already in stable state (race condition)
[Peer A] âœ… [Videolify] Whiteboard DataChannel OPEN - Ready for P2P drawing
[Peer A] âœ… [Videolify] Chat DataChannel OPEN - Ready for P2P messaging
[Peer A] âœ… [Videolify] Control DataChannel OPEN
[Peer A] âœ… [Videolify] File DataChannel OPEN - Ready for P2P file transfer
[Peer B] âœ… [Videolify] Whiteboard DataChannel OPEN - Ready for P2P drawing
[Peer B] âœ… [Videolify] Chat DataChannel OPEN - Ready for P2P messaging
[Peer B] âœ… [Videolify] Control DataChannel OPEN
[Peer B] âœ… [Videolify] File DataChannel OPEN - Ready for P2P file transfer
[Peer A] [Videolify] ICE gathering state: complete
[Peer A] âœ… [Videolify] ICE gathering completed successfully
[Peer A] [Videolify] ICE gathering complete (null candidate)
[Peer A] [Videolify] Connection state: connected
[Peer A] âœ… [Videolify] P2P Connection Established - Server load now 0%
[Peer B] [Videolify] ICE candidate sent
[Peer B] [Videolify] ICE candidate sent
[Peer A] [Videolify] Adding ICE candidate
[Peer A] [Videolify] Adding ICE candidate
[Peer A] [Videolify] Adding ICE candidate
[Peer A] [Videolify] Adding ICE candidate
[Peer A] [Videolify] ICE candidate added successfully
[Peer A] [Videolify] ICE candidate added successfully
[Peer A] [Videolify] ICE candidate added successfully
[Peer A] [Videolify] ICE candidate added successfully
[Test] DOM elements: {
  "allVideos": 2,
  "remoteVideoTestId": true,
  "localVideoTestId": true,
  "allTestIds": [
    "input-search",
    "button-become-tutor",
    "button-theme-toggle",
    "button-login",
    "remote-video",
    "local-video",
    "toggle-video-btn",
    "toggle-audio-btn",
    "toggle-screen-share-btn",
    "toggle-whiteboard-btn",
    "toggle-chat-btn",
    "send-file-btn",
    "toggle-hand-raise-btn",
    "toggle-recording-btn",
    "toggle-debug-stats-btn",
    "end-call-btn",
    "link-facebook",
    "link-twitter",
    "link-instagram"
  ]
}
[Peer A] [Test] Remote video tracks: 2, active: true
âœ… Connection restored successfully after F5

âœ… PASSED (12497ms)


================================================================================
đŸ§ª TEST 3: Network Offline/Online Cycle
đŸ“ Verify auto-reconnection when network goes offline then online
================================================================================

Setting network OFFLINE...
đŸ“¡ Network OFFLINE
[Peer A] â ï¸ [Videolify] Network offline detected
[Peer B] â ï¸ [Videolify] No pong received for 28077ms - connection may be dead
Setting network ONLINE...
[Peer B] â ï¸ [Videolify] No pong received for 33088ms - connection may be dead
[Peer B] âŒ [Videolify] Heartbeat timeout - triggering ICE restart
[Peer B] đŸ”„ [Videolify] ICE restart attempt 1/3, delay: 1000ms
đŸ“¡ Network ONLINE
[Peer A] âœ… [Videolify] Network back online
[Peer B] [Videolify] Creating ICE restart offer...
[Peer B] [Videolify] ICE gathering state: gathering
[Peer B] [Videolify] Sending ICE candidate to signaling server
[Peer B] [Videolify] Sending ICE candidate to signaling server
[Peer B] [Videolify] Sending ICE candidate to signaling server
[Peer B] [Videolify] Sending ICE candidate to signaling server
[Peer B] [Videolify] Sending ICE candidate to signaling server
[Peer B] âœ… [Videolify] ICE restart offer sent
[Peer B] [Videolify] ICE candidate sent
[Peer B] [Videolify] ICE candidate sent
[Peer A] [Videolify] Received offer from peer peer-1762507074085-i5i4i619d
[Peer A] đŸ¤ [Videolify] Peer role assigned: IMPOLITE (local: peer-1762507090841-knt1nfc1a, remote: peer-1762507074085-i5i4i619d)
[Peer A] [Videolify] Setting remote description (offer) - signalingState: stable
[Peer A] [Videolify] Adding ICE candidate
[Peer A] [Videolify] Adding ICE candidate
[Peer A] [Videolify] Received offer from peer peer-1762507074085-i5i4i619d
[Peer A] đŸ¤ [Videolify] Peer role assigned: IMPOLITE (local: peer-1762507090841-knt1nfc1a, remote: peer-1762507074085-i5i4i619d)
[Peer A] [Videolify] Setting remote description (offer) - signalingState: stable
[Peer A] [Videolify] Adding ICE candidate
[Peer A] [Videolify] Adding ICE candidate
[Peer A] [Videolify] signalingState after setRemoteDescription: have-remote-offer
[Peer A] [Videolify] Creating answer...
[Peer A] [Videolify] ICE candidate added successfully
[Peer A] [Videolify] ICE candidate added successfully
[Peer A] [Videolify] signalingState after setRemoteDescription: have-remote-offer
[Peer A] [Videolify] Creating answer...
[Peer A] [Videolify] ICE candidate added successfully
[Peer A] [Videolify] ICE candidate added successfully
[Peer A] [Videolify] Local description set (answer)
[Peer A] [Videolify] Failed to set local description (answer): JSHandle@error
[Peer A] [Videolify] Ignoring setLocalDescription error - already in stable state
[Peer A] [Videolify] ICE gathering state: gathering
[Peer A] [Videolify] Sending ICE candidate to signaling server
[Peer A] [Videolify] Sending ICE candidate to signaling server
[Peer A] [Videolify] ICE gathering state: complete
[Peer A] âœ… [Videolify] ICE gathering completed successfully
[Peer A] [Videolify] ICE gathering complete (null candidate)
[Peer B] [Videolify] ICE gathering state: complete
[Peer B] âœ… [Videolify] ICE gathering completed successfully
[Peer B] [Videolify] ICE gathering complete (null candidate)
[Peer B] [Videolify] ICE candidate sent
[Peer A] [Videolify] Adding ICE candidate
[Peer A] [Videolify] Adding ICE candidate
[Peer A] [Videolify] ICE candidate added successfully
[Peer A] [Videolify] ICE candidate added successfully
[Peer B] [Videolify] ICE candidate sent
[Peer B] [Videolify] ICE candidate sent
[Peer A] [Videolify] Answer sent to signaling server (targeted to: peer-1762507074085-i5i4i619d messageId: answer-peer-1762507090841-knt1nfc1a-1762507108593 )
[Peer A] [Videolify] ICE candidate sent
[Peer A] [Videolify] ICE candidate sent
[Peer B] [Videolify] Received answer from peer peer-1762507090841-knt1nfc1a
[Peer B] [Videolify] Setting remote description (answer) - signalingState: have-local-offer
[Peer A] [Videolify] Adding ICE candidate
[Peer A] [Videolify] Adding ICE candidate
[Peer B] [Videolify] Adding ICE candidate
[Peer A] [Videolify] Adding ICE candidate
[Peer A] [Videolify] Adding ICE candidate
[Peer A] [Videolify] ICE candidate added successfully
[Peer A] [Videolify] ICE candidate added successfully
[Peer A] [Videolify] ICE candidate added successfully
[Peer A] [Videolify] ICE candidate added successfully
[Peer B] [Videolify] Adding ICE candidate
[Peer B] [Videolify] Received answer from peer peer-1762507090841-knt1nfc1a
[Peer B] [Videolify] Setting remote description (answer) - signalingState: have-local-offer
[Peer B] [Videolify] Adding ICE candidate
[Peer B] [Videolify] Adding ICE candidate
[Peer B] âœ… [Videolify] Remote description (answer) set successfully
[Peer B] [Videolify] ICE candidate added successfully
[Peer B] [Videolify] ICE candidate added successfully
[Peer B] [Videolify] Failed to set remote description (answer): JSHandle@error
[Peer B] [Videolify] Ignoring setRemoteDescription error - already in stable state (race condition)
[Peer B] [Videolify] ICE candidate added successfully
[Peer B] [Videolify] ICE candidate added successfully
âœ… Reconnected successfully after network cycle

âœ… PASSED (8191ms)


================================================================================
đŸ§ª TEST 4: Tab Inactive/Active Recovery
đŸ“ Verify connection persists when tab goes to background and comes back
================================================================================

[A] Hiding tab (minimize)...
[Peer A] đŸ‘ï¸ [Videolify] TEST MODE - Skipping visibility change handler
[A] Tab hidden, waiting 10 seconds...
[Peer B] â ï¸ [Videolify] No pong received for 38076ms - connection may be dead
[Peer B] âŒ [Videolify] Heartbeat timeout - triggering ICE restart
[Peer B] đŸ”„ [Videolify] ICE restart attempt 2/3, delay: 2000ms
[Peer B] [Videolify] Creating ICE restart offer...
[Peer B] [Videolify] ICE gathering state: gathering
[Peer B] [Videolify] Sending ICE candidate to signaling server
[Peer B] [Videolify] Sending ICE candidate to signaling server
[Peer B] [Videolify] Sending ICE candidate to signaling server
[Peer B] [Videolify] Sending ICE candidate to signaling server
[Peer B] [Videolify] Sending ICE candidate to signaling server
[Peer B] âœ… [Videolify] ICE restart offer sent
[Peer B] [Videolify] ICE candidate sent
[Peer B] [Videolify] ICE candidate sent
[Peer A] [Videolify] Received offer from peer peer-1762507074085-i5i4i619d
[Peer A] đŸ¤ [Videolify] Peer role assigned: IMPOLITE (local: peer-1762507090841-knt1nfc1a, remote: peer-1762507074085-i5i4i619d)
[Peer A] [Videolify] Setting remote description (offer) - signalingState: stable
[Peer A] [Videolify] Adding ICE candidate
[Peer A] [Videolify] Adding ICE candidate
[Peer A] [Videolify] Received offer from peer peer-1762507074085-i5i4i619d
[Peer A] đŸ¤ [Videolify] Peer role assigned: IMPOLITE (local: peer-1762507090841-knt1nfc1a, remote: peer-1762507074085-i5i4i619d)
[Peer A] [Videolify] Setting remote description (offer) - signalingState: stable
[Peer A] [Videolify] Adding ICE candidate
[Peer A] [Videolify] Adding ICE candidate
[Peer A] [Videolify] signalingState after setRemoteDescription: have-remote-offer
[Peer A] [Videolify] Creating answer...
[Peer A] [Videolify] ICE candidate added successfully
[Peer A] [Videolify] ICE candidate added successfully
[Peer A] [Videolify] signalingState after setRemoteDescription: have-remote-offer
[Peer A] [Videolify] Creating answer...
[Peer A] [Videolify] ICE candidate added successfully
[Peer A] [Videolify] ICE candidate added successfully
[Peer A] [Videolify] Local description set (answer)
[Peer A] [Videolify] Failed to set local description (answer): JSHandle@error
[Peer A] [Videolify] Ignoring setLocalDescription error - already in stable state
[Peer A] [Videolify] ICE gathering state: gathering
[Peer A] [Videolify] Sending ICE candidate to signaling server
[Peer A] [Videolify] Sending ICE candidate to signaling server
[Peer A] [Videolify] ICE gathering state: complete
[Peer A] âœ… [Videolify] ICE gathering completed successfully
[Peer A] [Videolify] ICE gathering complete (null candidate)
[Peer B] [Videolify] ICE gathering state: complete
[Peer B] âœ… [Videolify] ICE gathering completed successfully
[Peer B] [Videolify] ICE gathering complete (null candidate)
[Peer B] [Videolify] ICE candidate sent
[Peer A] [Videolify] Adding ICE candidate
[Peer A] [Videolify] Adding ICE candidate
[Peer A] [Videolify] ICE candidate added successfully
[Peer A] [Videolify] ICE candidate added successfully
[Peer B] [Videolify] ICE candidate sent
[Peer B] [Videolify] ICE candidate sent
[Peer A] [Videolify] Answer sent to signaling server (targeted to: peer-1762507074085-i5i4i619d messageId: answer-peer-1762507090841-knt1nfc1a-1762507114644 )
[Peer A] [Videolify] ICE candidate sent
[Peer A] [Videolify] ICE candidate sent
[Peer A] [Videolify] Adding ICE candidate
[Peer B] [Videolify] Received answer from peer peer-1762507090841-knt1nfc1a
[Peer B] [Videolify] Setting remote description (answer) - signalingState: have-local-offer
[Peer A] [Videolify] Adding ICE candidate
[Peer A] [Videolify] Adding ICE candidate
[Peer A] [Videolify] Adding ICE candidate
[Peer B] [Videolify] Adding ICE candidate
[Peer A] [Videolify] ICE candidate added successfully
[Peer A] [Videolify] ICE candidate added successfully
[Peer A] [Videolify] ICE candidate added successfully
[Peer A] [Videolify] ICE candidate added successfully
[Peer B] [Videolify] Adding ICE candidate
[Peer B] [Videolify] Received answer from peer peer-1762507090841-knt1nfc1a
[Peer B] [Videolify] Setting remote description (answer) - signalingState: have-local-offer
[Peer B] [Videolify] Adding ICE candidate
[Peer B] [Videolify] Adding ICE candidate
[Peer B] âœ… [Videolify] Remote description (answer) set successfully
[Peer B] [Videolify] ICE candidate added successfully
[Peer B] [Videolify] ICE candidate added successfully
[Peer B] [Videolify] Failed to set remote description (answer): JSHandle@error
[Peer B] [Videolify] Ignoring setRemoteDescription error - already in stable state (race condition)
[Peer B] [Videolify] ICE candidate added successfully
[Peer B] [Videolify] ICE candidate added successfully
[Peer B] â ï¸ [Videolify] No pong received for 43078ms - connection may be dead
[Peer B] âŒ [Videolify] Heartbeat timeout - triggering ICE restart
[Peer B] đŸ”„ [Videolify] ICE restart attempt 3/3, delay: 4000ms
[A] Showing tab (restore)...
[Peer A] đŸ‘ï¸ [Videolify] TEST MODE - Skipping visibility change handler
[Peer B] [Videolify] Creating ICE restart offer...
[Peer B] [Videolify] ICE gathering state: gathering
[Peer B] [Videolify] Sending ICE candidate to signaling server
[Peer B] [Videolify] Sending ICE candidate to signaling server
[Peer B] [Videolify] Sending ICE candidate to signaling server
[Peer B] [Videolify] Sending ICE candidate to signaling server
[Peer B] [Videolify] Sending ICE candidate to signaling server
[Peer B] âœ… [Videolify] ICE restart offer sent
[Peer B] [Videolify] ICE candidate sent
[Peer B] [Videolify] ICE candidate sent
[Peer A] [Videolify] Received offer from peer peer-1762507074085-i5i4i619d
[Peer A] đŸ¤ [Videolify] Peer role assigned: IMPOLITE (local: peer-1762507090841-knt1nfc1a, remote: peer-1762507074085-i5i4i619d)
[Peer A] [Videolify] Setting remote description (offer) - signalingState: stable
[Peer A] [Videolify] Adding ICE candidate
[Peer A] [Videolify] Adding ICE candidate
[Peer A] [Videolify] Received offer from peer peer-1762507074085-i5i4i619d
[Peer A] đŸ¤ [Videolify] Peer role assigned: IMPOLITE (local: peer-1762507090841-knt1nfc1a, remote: peer-1762507074085-i5i4i619d)
[Peer A] [Videolify] Setting remote description (offer) - signalingState: stable
[Peer A] [Videolify] Adding ICE candidate
[Peer B] [Videolify] ICE gathering state: complete
[Peer B] âœ… [Videolify] ICE gathering completed successfully
[Peer B] [Videolify] ICE gathering complete (null candidate)
[Peer A] [Videolify] Adding ICE candidate
[Peer A] [Videolify] signalingState after setRemoteDescription: have-remote-offer
[Peer A] [Videolify] Creating answer...
[Peer A] [Videolify] ICE candidate added successfully
[Peer A] [Videolify] ICE candidate added successfully
[Peer A] [Videolify] signalingState after setRemoteDescription: have-remote-offer
[Peer A] [Videolify] Creating answer...
[Peer A] [Videolify] ICE candidate added successfully
[Peer A] [Videolify] ICE candidate added successfully
[Peer A] [Videolify] Local description set (answer)
[Peer A] [Videolify] Failed to set local description (answer): JSHandle@error
[Peer A] [Videolify] Ignoring setLocalDescription error - already in stable state
[Peer A] [Videolify] ICE gathering state: gathering
[Peer A] [Videolify] Sending ICE candidate to signaling server
[Peer A] [Videolify] Sending ICE candidate to signaling server
[Peer A] [Videolify] Sending ICE candidate to signaling server
[Peer A] [Videolify] Sending ICE candidate to signaling server
[Peer A] [Videolify] Sending ICE candidate to signaling server
[Peer B] [Videolify] ICE candidate sent
[Peer A] [Videolify] Adding ICE candidate
[Peer A] [Videolify] Adding ICE candidate
[Peer A] [Videolify] ICE candidate added successfully
[Peer A] [Videolify] ICE candidate added successfully
[Peer A] [Videolify] ICE gathering state: complete
[Peer A] âœ… [Videolify] ICE gathering completed successfully
[Peer A] [Videolify] ICE gathering complete (null candidate)
[Peer B] â ï¸ [Videolify] No pong received for 48077ms - connection may be dead
[Peer B] âŒ [Videolify] Heartbeat timeout - triggering ICE restart
[Peer B] âŒ [Videolify] ICE restart failed 3 times, attempting full rejoin
[Peer B] đŸ”„ [Videolify] Starting full reconnect...
[Peer A] [Videolify] Answer sent to signaling server (targeted to: peer-1762507074085-i5i4i619d messageId: answer-peer-1762507090841-knt1nfc1a-1762507121655 )
[Peer A] [Videolify] ICE candidate sent
[Peer A] [Videolify] ICE candidate sent
[Peer B] [Videolify] Joining room: 6a153ff371da509cabc2109e759a2afcd1bbe56f3ced55aaf77ef0cb88f1f5ae as peer: peer-1762507074085-i5i4i619d
[Peer A] [Videolify] Adding ICE candidate
[Peer A] [Videolify] Adding ICE candidate
[Peer A] [Videolify] Adding ICE candidate
[Peer A] [Videolify] Adding ICE candidate
[Peer B] [Videolify] ICE candidate sent
[Peer B] [Videolify] ICE candidate sent
[Peer B] â ï¸ [Videolify] Whiteboard DataChannel CLOSED
[Peer A] âŒ [Videolify] Whiteboard DataChannel ERROR: JSHandle@object
[Peer A] â ï¸ [Videolify] Whiteboard DataChannel CLOSED
[Peer A] [Videolify] Attempting to recreate whiteboard channel...
[Peer B] â ï¸ [Videolify] Chat DataChannel CLOSED
[Peer A] â ï¸ [Videolify] Chat DataChannel CLOSED
[Peer A] [Videolify] Attempting to recreate chat channel...
[Peer B] â ï¸ [Videolify] Control DataChannel CLOSED
[Peer A] â ï¸ [Videolify] Control DataChannel CLOSED
[Peer A] [Videolify] Attempting to recreate control channel...
[Peer B] â ï¸ [Videolify] File DataChannel CLOSED
[Peer B] [Videolify] Received answer from peer peer-1762507090841-knt1nfc1a
[Peer B] [Videolify] Skipping answer - no peer connection
[Peer B] [Videolify] Queuing ICE candidate - remote description not ready
[Peer B] [Videolify] Queuing ICE candidate - remote description not ready
[Peer A] â ï¸ [Videolify] File DataChannel CLOSED
[Peer A] [Videolify] ICE candidate added successfully
[Peer A] [Videolify] ICE candidate added successfully
[Peer A] [Videolify] ICE candidate added successfully
[Peer A] [Videolify] ICE candidate added successfully
[Peer A] [Videolify] ICE candidate sent
[Peer B] [Videolify] Queuing ICE candidate - remote description not ready
[Peer A] [Videolify] ICE candidate sent
[Peer A] [Videolify] ICE candidate sent
[Peer B] [Videolify] Queuing ICE candidate - remote description not ready
[Peer B] [Videolify] Queuing ICE candidate - remote description not ready
[Peer A] [Videolify] Peer joined event: JSHandle@object
[Peer A] [Videolify] DEBUG - Checking F5 scenario: JSHandle@object
[Peer A] [Videolify] Connection already exists, ignoring peer-joined
[Peer B] [Videolify] Joined room: JSHandle@object
[Peer B] [Videolify] Found existing peer: peer-1762507090841-knt1nfc1a
[Peer B] [Videolify] Creating offer to existing peer (media will follow): peer-1762507090841-knt1nfc1a
[Peer B] [Videolify] Creating peer connection, createOffer: true
[Peer A] [Videolify] Peer joined event: JSHandle@object
[Peer A] [Videolify] DEBUG - Checking F5 scenario: JSHandle@object
[Peer A] [Videolify] Connection already exists, ignoring peer-joined
[Peer B] [Videolify] Adding 2 local tracks to peer connection
[Peer B] [Videolify] Adding track: audio
[Peer B] [Videolify] Adding track: video
[Peer B] đŸ¨ [Videolify] Setting up whiteboard channel, current state: connecting
[Peer B] đŸ’¬ [Videolify] Setting up chat channel, current state: connecting
[Peer B] đŸ›ï¸ [Videolify] Setting up control channel, current state: connecting
[Peer B] đŸ“ [Videolify] Setting up file channel, current state: connecting
[Peer B] [Videolify] Creating and sending offer to remotePeer: peer-1762507090841-knt1nfc1a
[Peer B] âœ… [Videolify] SSE connection opened
[Peer B] [Videolify] Local description set (offer)
[Peer B] [Videolify] ICE gathering state: gathering
[Peer B] [Videolify] Sending ICE candidate to signaling server
[Peer B] [Videolify] Sending ICE candidate to signaling server
[Peer B] [Videolify] Sending ICE candidate to signaling server
[Peer B] [Videolify] Sending ICE candidate to signaling server
[Peer B] [Videolify] Sending ICE candidate to signaling server
[Peer B] [Videolify] Sending ICE candidate to signaling server
[Peer B] [Videolify] Sending ICE candidate to signaling server
[Peer B] [Videolify] Sending ICE candidate to signaling server
[Peer B] [Videolify] Sending ICE candidate to signaling server
[Peer B] [Videolify] Sending ICE candidate to signaling server
[Peer B] [Videolify] Sending ICE candidate to signaling server
[Peer B] [Videolify] Sending ICE candidate to signaling server
[Peer B] [Videolify] Sending ICE candidate to signaling server
[Peer B] [Videolify] Sending ICE candidate to signaling server
[Peer B] [Videolify] Sending ICE candidate to signaling server
[Peer B] [Videolify] Offer sent to: peer-1762507090841-knt1nfc1a with messageId: offer-peer-1762507074085-i5i4i619d-1762507122814
[Peer B] [Videolify] ICE candidate sent
[Peer B] [Videolify] ICE candidate sent
[Peer B] [Videolify] ICE candidate sent
[Peer A] [Videolify] Received offer from peer peer-1762507074085-i5i4i619d
[Peer A] đŸ¤ [Videolify] Peer role assigned: IMPOLITE (local: peer-1762507090841-knt1nfc1a, remote: peer-1762507074085-i5i4i619d)
[Peer A] [Videolify] Setting remote description (offer) - signalingState: stable
[Peer A] [Videolify] Adding ICE candidate
[Peer A] [Videolify] Adding ICE candidate
[Peer A] [Videolify] Adding ICE candidate
[Peer A] [Videolify] Received offer from peer peer-1762507074085-i5i4i619d
[Peer A] đŸ¤ [Videolify] Peer role assigned: IMPOLITE (local: peer-1762507090841-knt1nfc1a, remote: peer-1762507074085-i5i4i619d)
[Peer A] [Videolify] Setting remote description (offer) - signalingState: stable
[Peer A] [Videolify] Adding ICE candidate
[Peer A] [Videolify] Adding ICE candidate
[Peer A] [Videolify] Adding ICE candidate
[Peer A] [Videolify] signalingState after setRemoteDescription: have-remote-offer
[Peer A] [Videolify] Creating answer...
[Peer A] [Videolify] ICE candidate added successfully
[Peer A] [Videolify] ICE candidate added successfully
[Peer A] [Videolify] ICE candidate added successfully
[Peer A] [Videolify] signalingState after setRemoteDescription: have-remote-offer
[Peer A] [Videolify] Creating answer...
[Peer A] [Videolify] ICE candidate added successfully
[Peer A] [Videolify] ICE candidate added successfully
[Peer A] [Videolify] ICE candidate added successfully
[Peer A] [Videolify] Local description set (answer)
[Peer A] [Videolify] Failed to set local description (answer): JSHandle@error
[Peer A] [Videolify] Ignoring setLocalDescription error - already in stable state
[Peer A] [Videolify] Connection state: connecting
[Peer A] đŸ”„ [Videolify] Connection establishing...
[Peer A] [Videolify] ICE gathering state: gathering
[Peer A] [Videolify] Sending ICE candidate to signaling server
[Peer A] [Videolify] Sending ICE candidate to signaling server
[Peer B] [Videolify] ICE connection state: checking
[Peer A] đŸ¨ [Videolify] Setting up whiteboard channel, current state: connecting
[Peer B] [Videolify] Connection state: connecting
[Peer B] đŸ”„ [Videolify] Connection establishing...
[Peer A] [Videolify] ICE gathering state: complete
[Peer A] âœ… [Videolify] ICE gathering completed successfully
[Peer A] [Videolify] ICE gathering complete (null candidate)
[Peer A] đŸ’¬ [Videolify] Setting up chat channel, current state: connecting
[Peer A] đŸ›ï¸ [Videolify] Setting up control channel, current state: connecting
âœ… Connection persisted through tab background cycle

âœ… PASSED (13194ms)


================================================================================
đŸ§ª TEST 5: Browser Close & Rejoin
đŸ“ Verify Peer B can reconnect after Peer A closes browser completely
================================================================================

[A] Closing browser completely...
[Peer B] [Videolify] ICE candidate sent
[Peer B] [Videolify] ICE candidate sent
[Peer B] [Videolify] ICE candidate sent
[Peer B] [Videolify] ICE candidate sent
[Peer B] [Videolify] Received answer from peer peer-1762507090841-knt1nfc1a
[Peer B] [Videolify] Setting remote description (answer) - signalingState: have-local-offer
[Peer B] [Videolify] Queuing ICE candidate - remote description not ready
[Peer B] [Videolify] Queuing ICE candidate - remote description not ready
[Peer B] [Videolify] Received answer from peer peer-1762507090841-knt1nfc1a
[Peer B] [Videolify] Setting remote description (answer) - signalingState: have-local-offer
[Peer B] [Videolify] Queuing ICE candidate - remote description not ready
[Peer B] [Videolify] Queuing ICE candidate - remote description not ready
[Peer B] [Videolify] ontrack event fired!
[Peer B] [Videolify] Track kind: audio
[Peer B] [Videolify] Streams: JSHandle@array
[Peer B] [Videolify] remoteVideoRef.current: JSHandle@node
[Peer B] âœ… [Videolify] Remote video stream attached
[Peer B] [Videolify] ontrack event fired!
[Peer B] [Videolify] Track kind: video
[Peer B] [Videolify] Streams: JSHandle@array
[Peer B] [Videolify] remoteVideoRef.current: JSHandle@node
[Peer B] âœ… [Videolify] Remote video stream attached
[Peer B] âœ… [Videolify] Remote description (answer) set successfully
[Peer B] [Videolify] Draining queued ICE candidates (answer): 9
[Peer B] [Videolify] Failed to set remote description (answer): JSHandle@error
[Peer B] [Videolify] Ignoring setRemoteDescription error - already in stable state (race condition)
[A] Browser closed, waiting 5 seconds...
[Peer B] [Videolify] ICE candidate sent
[Peer B] [Videolify] ICE candidate sent
[Peer B] [Videolify] ICE candidate sent
[Peer B] [Videolify] ICE candidate sent
[Peer B] [Videolify] ICE candidate sent
[Peer B] [Videolify] ICE candidate sent
[Peer B] [Videolify] ICE candidate sent
[Peer B] [Videolify] ICE candidate sent
[B] Disconnect detected: false
[A] Relaunching browser...
[A] Navigating to: http://localhost:3000/test-videolify?room=6a153ff371da509cabc2109e759a2afcd1bbe56f3ced55aaf77ef0cb88f1f5ae&name=Tutor A&role=tutor
[Peer A] %cDownload the React DevTools for a better development experience: https://reactjs.org/link/react-devtools font-weight:bold
[Peer A] Failed to load resource: the server responded with a status of 404 (Not Found)
[Peer A] âœ¨ [Videolify] Generated new peer ID: peer-1762507132614-6gopgdp82
[Peer A] Warning: %s is deprecated in StrictMode. %s was passed an instance of %s which is inside StrictMode. Instead, add a ref directly to the element you want to reference. Learn more about using refs safely here: https://reactjs.org/link/strict-mode-find-node%s findDOMNode findDOMNode DraggableCore 
    at div
    at DraggableCore (webpack-internal:///(app-pages-browser)/./node_modules/react-draggable/build/cjs/DraggableCore.js:75:5)
    at Draggable (webpack-internal:///(app-pages-browser)/./node_modules/react-draggable/build/cjs/Draggable.js:84:5)
    at div
    at div
    at div
    at VideolifyFull (webpack-internal:///(app-pages-browser)/./src/components/VideolifyFull.tsx:80:11)
    at TestVideolifyPage
    at ClientPageRoot (webpack-internal:///(app-pages-browser)/./node_modules/next/dist/client/components/client-page.js:14:11)
    at InnerLayoutRouter (webpack-internal:///(app-pages-browser)/./node_modules/next/dist/client/components/layout-router.js:243:11)
    at RedirectErrorBoundary (webpack-internal:///(app-pages-browser)/./node_modules/next/dist/client/components/redirect-boundary.js:74:9)
    at RedirectBoundary (webpack-internal:///(app-pages-browser)/./node_modules/next/dist/client/components/redirect-boundary.js:82:11)
    at NotFoundBoundary (webpack-internal:///(app-pages-browser)/./node_modules/next/dist/client/components/not-found-boundary.js:84:11)
    at LoadingBoundary (webpack-internal:///(app-pages-browser)/./node_modules/next/dist/client/components/layout-router.js:349:11)
    at ErrorBoundary (webpack-internal:///(app-pages-browser)/./node_modules/next/dist/client/components/error-boundary.js:160:11)
    at InnerScrollAndFocusHandler (webpack-internal:///(app-pages-browser)/./node_modules/next/dist/client/components/layout-router.js:153:9)
    at ScrollAndFocusHandler (webpack-internal:///(app-pages-browser)/./node_modules/next/dist/client/components/layout-router.js:228:11)
    at RenderFromTemplateContext (webpack-internal:///(app-pages-browser)/./node_modules/next/dist/client/components/render-from-template-context.js:16:44)
    at OuterLayoutRouter (webpack-internal:///(app-pages-browser)/./node_modules/next/dist/client/components/layout-router.js:370:11)
    at InnerLayoutRouter (webpack-internal:///(app-pages-browser)/./node_modules/next/dist/client/components/layout-router.js:243:11)
    at RedirectErrorBoundary (webpack-internal:///(app-pages-browser)/./node_modules/next/dist/client/components/redirect-boundary.js:74:9)
    at RedirectBoundary (webpack-internal:///(app-pages-browser)/./node_modules/next/dist/client/components/redirect-boundary.js:82:11)
    at NotFoundErrorBoundary (webpack-internal:///(app-pages-browser)/./node_modules/next/dist/client/components/not-found-boundary.js:76:9)
    at NotFoundBoundary (webpack-internal:///(app-pages-browser)/./node_modules/next/dist/client/components/not-found-boundary.js:84:11)
    at LoadingBoundary (webpack-internal:///(app-pages-browser)/./node_modules/next/dist/client/components/layout-router.js:349:11)
    at ErrorBoundary (webpack-internal:///(app-pages-browser)/./node_modules/next/dist/client/components/error-boundary.js:160:11)
    at InnerScrollAndFocusHandler (webpack-internal:///(app-pages-browser)/./node_modules/next/dist/client/components/layout-router.js:153:9)
    at ScrollAndFocusHandler (webpack-internal:///(app-pages-browser)/./node_modules/next/dist/client/components/layout-router.js:228:11)
    at RenderFromTemplateContext (webpack-internal:///(app-pages-browser)/./node_modules/next/dist/client/components/render-from-template-context.js:16:44)
    at OuterLayoutRouter (webpack-internal:///(app-pages-browser)/./node_modules/next/dist/client/components/layout-router.js:370:11)
    at main
    at div
    at Provider (webpack-internal:///(app-pages-browser)/./node_modules/@radix-ui/react-context/dist/index.mjs:34:15)
    at TooltipProvider (webpack-internal:///(app-pages-browser)/./node_modules/@radix-ui/react-tooltip/dist/index.mjs:58:13)
    at ThemeProvider (webpack-internal:///(app-pages-browser)/./src/components/ThemeProvider.tsx:14:11)
    at QueryClientProvider (webpack-internal:///(app-pages-browser)/./node_modules/@tanstack/react-query/build/modern/QueryClientProvider.js:27:11)
    at SessionProvider (webpack-internal:///(app-pages-browser)/./node_modules/next-auth/react/index.js:365:24)
    at Providers (webpack-internal:///(app-pages-browser)/./src/app/providers.tsx:28:11)
    at body
    at html
    at RootLayout (Server)
    at RedirectErrorBoundary (webpack-internal:///(app-pages-browser)/./node_modules/next/dist/client/components/redirect-boundary.js:74:9)
    at RedirectBoundary (webpack-internal:///(app-pages-browser)/./node_modules/next/dist/client/components/redirect-boundary.js:82:11)
    at NotFoundErrorBoundary (webpack-internal:///(app-pages-browser)/./node_modules/next/dist/client/components/not-found-boundary.js:76:9)
    at NotFoundBoundary (webpack-internal:///(app-pages-browser)/./node_modules/next/dist/client/components/not-found-boundary.js:84:11)
    at DevRootNotFoundBoundary (webpack-internal:///(app-pages-browser)/./node_modules/next/dist/client/components/dev-root-not-found-boundary.js:33:11)
    at ReactDevOverlay (webpack-internal:///(app-pages-browser)/./node_modules/next/dist/client/components/react-dev-overlay/app/ReactDevOverlay.js:87:9)
    at HotReload (webpack-internal:///(app-pages-browser)/./node_modules/next/dist/client/components/react-dev-overlay/app/hot-reloader-client.js:321:11)
    at Router (webpack-internal:///(app-pages-browser)/./node_modules/next/dist/client/components/app-router.js:207:11)
    at ErrorBoundaryHandler (webpack-internal:///(app-pages-browser)/./node_modules/next/dist/client/components/error-boundary.js:113:9)
    at ErrorBoundary (webpack-internal:///(app-pages-browser)/./node_modules/next/dist/client/components/error-boundary.js:160:11)
    at AppRouter (webpack-internal:///(app-pages-browser)/./node_modules/next/dist/client/components/app-router.js:585:13)
    at ServerRoot (webpack-internal:///(app-pages-browser)/./node_modules/next/dist/client/app-index.js:112:27)
    at Root (webpack-internal:///(app-pages-browser)/./node_modules/next/dist/client/app-index.js:117:11)
[Peer A] Warning: %s is deprecated in StrictMode. %s was passed an instance of %s which is inside StrictMode. Instead, add a ref directly to the element you want to reference. Learn more about using refs safely here: https://reactjs.org/link/strict-mode-find-node%s findDOMNode findDOMNode Draggable 
    at div
    at DraggableCore (webpack-internal:///(app-pages-browser)/./node_modules/react-draggable/build/cjs/DraggableCore.js:75:5)
    at Draggable (webpack-internal:///(app-pages-browser)/./node_modules/react-draggable/build/cjs/Draggable.js:84:5)
    at div
    at div
    at div
    at VideolifyFull (webpack-internal:///(app-pages-browser)/./src/components/VideolifyFull.tsx:80:11)
    at TestVideolifyPage
    at ClientPageRoot (webpack-internal:///(app-pages-browser)/./node_modules/next/dist/client/components/client-page.js:14:11)
    at InnerLayoutRouter (webpack-internal:///(app-pages-browser)/./node_modules/next/dist/client/components/layout-router.js:243:11)
    at RedirectErrorBoundary (webpack-internal:///(app-pages-browser)/./node_modules/next/dist/client/components/redirect-boundary.js:74:9)
    at RedirectBoundary (webpack-internal:///(app-pages-browser)/./node_modules/next/dist/client/components/redirect-boundary.js:82:11)
    at NotFoundBoundary (webpack-internal:///(app-pages-browser)/./node_modules/next/dist/client/components/not-found-boundary.js:84:11)
    at LoadingBoundary (webpack-internal:///(app-pages-browser)/./node_modules/next/dist/client/components/layout-router.js:349:11)
    at ErrorBoundary (webpack-internal:///(app-pages-browser)/./node_modules/next/dist/client/components/error-boundary.js:160:11)
    at InnerScrollAndFocusHandler (webpack-internal:///(app-pages-browser)/./node_modules/next/dist/client/components/layout-router.js:153:9)
    at ScrollAndFocusHandler (webpack-internal:///(app-pages-browser)/./node_modules/next/dist/client/components/layout-router.js:228:11)
    at RenderFromTemplateContext (webpack-internal:///(app-pages-browser)/./node_modules/next/dist/client/components/render-from-template-context.js:16:44)
    at OuterLayoutRouter (webpack-internal:///(app-pages-browser)/./node_modules/next/dist/client/components/layout-router.js:370:11)
    at InnerLayoutRouter (webpack-internal:///(app-pages-browser)/./node_modules/next/dist/client/components/layout-router.js:243:11)
    at RedirectErrorBoundary (webpack-internal:///(app-pages-browser)/./node_modules/next/dist/client/components/redirect-boundary.js:74:9)
    at RedirectBoundary (webpack-internal:///(app-pages-browser)/./node_modules/next/dist/client/components/redirect-boundary.js:82:11)
    at NotFoundErrorBoundary (webpack-internal:///(app-pages-browser)/./node_modules/next/dist/client/components/not-found-boundary.js:76:9)
    at NotFoundBoundary (webpack-internal:///(app-pages-browser)/./node_modules/next/dist/client/components/not-found-boundary.js:84:11)
    at LoadingBoundary (webpack-internal:///(app-pages-browser)/./node_modules/next/dist/client/components/layout-router.js:349:11)
    at ErrorBoundary (webpack-internal:///(app-pages-browser)/./node_modules/next/dist/client/components/error-boundary.js:160:11)
    at InnerScrollAndFocusHandler (webpack-internal:///(app-pages-browser)/./node_modules/next/dist/client/components/layout-router.js:153:9)
    at ScrollAndFocusHandler (webpack-internal:///(app-pages-browser)/./node_modules/next/dist/client/components/layout-router.js:228:11)
    at RenderFromTemplateContext (webpack-internal:///(app-pages-browser)/./node_modules/next/dist/client/components/render-from-template-context.js:16:44)
    at OuterLayoutRouter (webpack-internal:///(app-pages-browser)/./node_modules/next/dist/client/components/layout-router.js:370:11)
    at main
    at div
    at Provider (webpack-internal:///(app-pages-browser)/./node_modules/@radix-ui/react-context/dist/index.mjs:34:15)
    at TooltipProvider (webpack-internal:///(app-pages-browser)/./node_modules/@radix-ui/react-tooltip/dist/index.mjs:58:13)
    at ThemeProvider (webpack-internal:///(app-pages-browser)/./src/components/ThemeProvider.tsx:14:11)
    at QueryClientProvider (webpack-internal:///(app-pages-browser)/./node_modules/@tanstack/react-query/build/modern/QueryClientProvider.js:27:11)
    at SessionProvider (webpack-internal:///(app-pages-browser)/./node_modules/next-auth/react/index.js:365:24)
    at Providers (webpack-internal:///(app-pages-browser)/./src/app/providers.tsx:28:11)
    at body
    at html
    at RootLayout (Server)
    at RedirectErrorBoundary (webpack-internal:///(app-pages-browser)/./node_modules/next/dist/client/components/redirect-boundary.js:74:9)
    at RedirectBoundary (webpack-internal:///(app-pages-browser)/./node_modules/next/dist/client/components/redirect-boundary.js:82:11)
    at NotFoundErrorBoundary (webpack-internal:///(app-pages-browser)/./node_modules/next/dist/client/components/not-found-boundary.js:76:9)
    at NotFoundBoundary (webpack-internal:///(app-pages-browser)/./node_modules/next/dist/client/components/not-found-boundary.js:84:11)
    at DevRootNotFoundBoundary (webpack-internal:///(app-pages-browser)/./node_modules/next/dist/client/components/dev-root-not-found-boundary.js:33:11)
    at ReactDevOverlay (webpack-internal:///(app-pages-browser)/./node_modules/next/dist/client/components/react-dev-overlay/app/ReactDevOverlay.js:87:9)
    at HotReload (webpack-internal:///(app-pages-browser)/./node_modules/next/dist/client/components/react-dev-overlay/app/hot-reloader-client.js:321:11)
    at Router (webpack-internal:///(app-pages-browser)/./node_modules/next/dist/client/components/app-router.js:207:11)
    at ErrorBoundaryHandler (webpack-internal:///(app-pages-browser)/./node_modules/next/dist/client/components/error-boundary.js:113:9)
    at ErrorBoundary (webpack-internal:///(app-pages-browser)/./node_modules/next/dist/client/components/error-boundary.js:160:11)
    at AppRouter (webpack-internal:///(app-pages-browser)/./node_modules/next/dist/client/components/app-router.js:585:13)
    at ServerRoot (webpack-internal:///(app-pages-browser)/./node_modules/next/dist/client/app-index.js:112:27)
    at Root (webpack-internal:///(app-pages-browser)/./node_modules/next/dist/client/app-index.js:117:11)
[Peer B] [Videolify] DataChannels not opening - connection may have issues
[Peer B] [Videolify] Channel states after timeout: JSHandle@object
[Peer B] [Videolify] No DataChannels open - attempting ICE restart
[A] Page loaded
[Peer A] [Videolify] Local media initialized
[Peer A] [Videolify] Joining room: 6a153ff371da509cabc2109e759a2afcd1bbe56f3ced55aaf77ef0cb88f1f5ae as peer: peer-1762507132614-6gopgdp82
[Peer A] [Videolify] Local media initialized
[Peer A] [Videolify] Already joined, skipping duplicate join from StrictMode
[Peer A] đŸ’¾ [Videolify] Session state saved with peerId: peer-1762507132614-6gopgdp82
[Peer A] Failed to load resource: the server responded with a status of 404 (Not Found)
[Peer B] [Videolify] Peer left - initiating graceful disconnect
[Peer B] [Videolify] Closing peer connection gracefully
[Peer A] [Videolify] Joined room: JSHandle@object
[Peer A] [Videolify] Found existing peer: peer-1762507074085-i5i4i619d
[Peer A] [Videolify] Creating offer to existing peer (media will follow): peer-1762507074085-i5i4i619d
[Peer A] [Videolify] Creating peer connection, createOffer: true
[Peer B] [Videolify] Peer joined event: JSHandle@object
[Peer B] [Videolify] Peer rejoined within 30s window - fast reconnect
[Peer B] [Videolify] Remote peer ID saved: peer-1762507132614-6gopgdp82
[Peer B] [Videolify] Existing peer creating offer to new peer: peer-1762507132614-6gopgdp82
[Peer B] [Videolify] Creating peer connection, createOffer: true
[Peer B] [Videolify] Adding 2 local tracks to peer connection
[Peer B] [Videolify] Adding track: audio
[Peer B] [Videolify] Adding track: video
[Peer B] đŸ¨ [Videolify] Setting up whiteboard channel, current state: connecting
[Peer B] đŸ’¬ [Videolify] Setting up chat channel, current state: connecting
[Peer B] đŸ›ï¸ [Videolify] Setting up control channel, current state: connecting
[Peer B] đŸ“ [Videolify] Setting up file channel, current state: connecting
[Peer B] [Videolify] Creating and sending offer to remotePeer: peer-1762507132614-6gopgdp82
[Peer B] [Videolify] Peer joined event: JSHandle@object
[Peer B] [Videolify] DEBUG - Checking F5 scenario: JSHandle@object
[Peer B] [Videolify] Connection already exists, ignoring peer-joined
[Peer B] â ï¸ [Videolify] Whiteboard DataChannel CLOSED
[Peer B] â ï¸ [Videolify] Chat DataChannel CLOSED
[Peer B] â ï¸ [Videolify] Control DataChannel CLOSED
[Peer B] â ï¸ [Videolify] File DataChannel CLOSED
[Peer B] [Videolify] Local description set (offer)
[Peer B] [Videolify] ICE gathering state: gathering
[Peer B] [Videolify] Sending ICE candidate to signaling server
[Peer B] [Videolify] Sending ICE candidate to signaling server
[Peer B] [Videolify] Sending ICE candidate to signaling server
[Peer B] [Videolify] Sending ICE candidate to signaling server
[Peer B] [Videolify] Sending ICE candidate to signaling server
[Peer B] [Videolify] Sending ICE candidate to signaling server
[Peer B] [Videolify] Sending ICE candidate to signaling server
[Peer B] [Videolify] Sending ICE candidate to signaling server
[Peer B] [Videolify] Sending ICE candidate to signaling server
[Peer B] [Videolify] Sending ICE candidate to signaling server
[Peer B] [Videolify] Sending ICE candidate to signaling server
[Peer B] [Videolify] Sending ICE candidate to signaling server
[Peer B] [Videolify] Sending ICE candidate to signaling server
[Peer B] [Videolify] Sending ICE candidate to signaling server
[Peer B] [Videolify] Sending ICE candidate to signaling server
[Peer B] [Videolify] Offer sent to: peer-1762507132614-6gopgdp82 with messageId: offer-peer-1762507074085-i5i4i619d-1762507136787
[Peer B] [Videolify] ICE candidate sent
[Peer B] [Videolify] ICE candidate sent
[Peer B] [Videolify] ICE candidate sent
[Peer B] â ï¸ [Videolify] ICE gathering stuck >15s - forcing completion
[Peer B] [Videolify] ICE candidate sent
[Peer B] [Videolify] ICE candidate sent
[Peer B] [Videolify] ICE candidate sent
[Peer B] [Videolify] ICE candidate sent
[Peer A] [Videolify] Adding 2 local tracks to peer connection
[Peer A] [Videolify] Adding track: audio
[Peer A] [Videolify] Adding track: video
[Peer A] đŸ¨ [Videolify] Setting up whiteboard channel, current state: connecting
[Peer A] đŸ’¬ [Videolify] Setting up chat channel, current state: connecting
[Peer A] đŸ›ï¸ [Videolify] Setting up control channel, current state: connecting
[Peer A] đŸ“ [Videolify] Setting up file channel, current state: connecting
[Peer A] [Videolify] Creating and sending offer to remotePeer: peer-1762507074085-i5i4i619d
[Peer A] âœ… [Videolify] SSE connection opened
[Peer A] [Videolify] Received offer from peer peer-1762507074085-i5i4i619d
[Peer A] đŸ¤ [Videolify] Peer role assigned: IMPOLITE (local: peer-1762507132614-6gopgdp82, remote: peer-1762507074085-i5i4i619d)
[Peer A] â ï¸ [Videolify] IMPOLITE peer ignoring colliding offer
[Peer A] [Videolify] Queuing ICE candidate - remote description not ready
[Peer A] [Videolify] Queuing ICE candidate - remote description not ready
[Peer A] [Videolify] Queuing ICE candidate - remote description not ready
[Peer A] [Videolify] Queuing ICE candidate - remote description not ready
[Peer A] [Videolify] Queuing ICE candidate - remote description not ready
[Peer A] [Videolify] Queuing ICE candidate - remote description not ready
[Peer A] [Videolify] Queuing ICE candidate - remote description not ready
[Peer A] âœ… [Videolify] SSE connection opened
[Peer A] [Videolify] Received offer from peer peer-1762507074085-i5i4i619d
[Peer A] đŸ¤ [Videolify] Peer role assigned: IMPOLITE (local: peer-1762507132614-6gopgdp82, remote: peer-1762507074085-i5i4i619d)
[Peer A] â ï¸ [Videolify] IMPOLITE peer ignoring colliding offer
[Peer A] [Videolify] Queuing ICE candidate - remote description not ready
[Peer A] [Videolify] Queuing ICE candidate - remote description not ready
[Peer A] [Videolify] Queuing ICE candidate - remote description not ready
[Peer A] [Videolify] Queuing ICE candidate - remote description not ready
[Peer A] [Videolify] Queuing ICE candidate - remote description not ready
[Peer A] [Videolify] Queuing ICE candidate - remote description not ready
[Peer A] [Videolify] Queuing ICE candidate - remote description not ready
[Peer A] [Videolify] Local description set (offer)
[Peer A] [Videolify] ICE gathering state: gathering
[Peer A] [Videolify] Sending ICE candidate to signaling server
[Peer A] [Videolify] Sending ICE candidate to signaling server
[Peer A] [Videolify] Sending ICE candidate to signaling server
[Peer A] [Videolify] Sending ICE candidate to signaling server
[Peer A] [Videolify] Sending ICE candidate to signaling server
[Peer A] [Videolify] Sending ICE candidate to signaling server
[Peer A] [Videolify] Sending ICE candidate to signaling server
[Peer A] [Videolify] Sending ICE candidate to signaling server
[Peer A] [Videolify] Sending ICE candidate to signaling server
[Peer A] [Videolify] Sending ICE candidate to signaling server
[Peer A] [Videolify] Sending ICE candidate to signaling server
[Peer A] [Videolify] Sending ICE candidate to signaling server
[Peer A] [Videolify] Sending ICE candidate to signaling server
[Peer A] [Videolify] Sending ICE candidate to signaling server
[Peer A] [Videolify] Sending ICE candidate to signaling server
[Peer B] [Videolify] ICE candidate sent
[Peer B] [Videolify] ICE candidate sent
[Peer B] [Videolify] ICE candidate sent
[Peer B] [Videolify] ICE candidate sent
[Peer A] [Videolify] Queuing ICE candidate - remote description not ready
[Peer A] [Videolify] Queuing ICE candidate - remote description not ready
[Peer A] [Videolify] Queuing ICE candidate - remote description not ready
[Peer A] [Videolify] Queuing ICE candidate - remote description not ready
[Peer A] [Videolify] Queuing ICE candidate - remote description not ready
[Peer A] [Videolify] Queuing ICE candidate - remote description not ready
[Peer A] [Videolify] Queuing ICE candidate - remote description not ready
[Peer A] [Videolify] Queuing ICE candidate - remote description not ready
[B] Clicking reconnect button...
[Peer A] [Videolify] Offer sent to: peer-1762507074085-i5i4i619d with messageId: offer-peer-1762507132614-6gopgdp82-1762507138486
[Peer A] đŸ’¾ [Videolify] Session state saved with peerId: peer-1762507132614-6gopgdp82
[Peer B] [Videolify] Received offer from peer peer-1762507132614-6gopgdp82
[Peer B] đŸ¤ [Videolify] Peer role assigned: POLITE (local: peer-1762507074085-i5i4i619d, remote: peer-1762507132614-6gopgdp82)
[Peer B] đŸ”„ [Videolify] POLITE peer detected collision (signalingState: have-local-offer, makingOffer: false)
[Peer B] đŸ”„ [Videolify] Performing rollback to accept incoming offer
[Peer B] [Videolify] Received offer from peer peer-1762507132614-6gopgdp82
[Peer B] đŸ¤ [Videolify] Peer role assigned: POLITE (local: peer-1762507074085-i5i4i619d, remote: peer-1762507132614-6gopgdp82)
[Peer B] đŸ”„ [Videolify] POLITE peer detected collision (signalingState: have-local-offer, makingOffer: false)
[Peer B] đŸ”„ [Videolify] Performing rollback to accept incoming offer
[Peer B] âœ… [Videolify] Rollback successful, now in stable state
[Peer B] [Videolify] Setting remote description (offer) - signalingState: stable
[Peer B] âŒ [Videolify] Rollback failed: JSHandle@error
[Peer B] [Videolify] Setting remote description (offer) - signalingState: stable
[Peer B] [Videolify] ICE gathering state: new
[Peer B] [Videolify] ontrack event fired!
[Peer B] [Videolify] Track kind: audio
[Peer B] [Videolify] Streams: JSHandle@array
[Peer B] [Videolify] remoteVideoRef.current: JSHandle@node
[Peer B] âœ… [Videolify] Remote video stream attached
[Peer B] [Videolify] ontrack event fired!
[Peer B] [Videolify] Track kind: video
[Peer B] [Videolify] Streams: JSHandle@array
[Peer B] [Videolify] remoteVideoRef.current: JSHandle@node
[Peer B] âœ… [Videolify] Remote video stream attached
[Peer B] [Videolify] signalingState after setRemoteDescription: have-remote-offer
[Peer B] [Videolify] Creating answer...
[Peer B] [Videolify] signalingState after setRemoteDescription: have-remote-offer
[Peer B] [Videolify] Creating answer...
[Peer B] [Videolify] Local description set (answer)
[Peer B] [Videolify] Failed to set local description (answer): JSHandle@error
[Peer B] [Videolify] Ignoring setLocalDescription error - already in stable state
[Peer B] [Videolify] ICE gathering state: gathering
[Peer B] [Videolify] Sending ICE candidate to signaling server
[Peer B] [Videolify] Sending ICE candidate to signaling server
[Peer B] [Videolify] Sending ICE candidate to signaling server
[Peer B] [Videolify] Sending ICE candidate to signaling server
[Peer B] [Videolify] Sending ICE candidate to signaling server
[Peer A] [Videolify] ICE candidate sent
[Peer A] [Videolify] ICE candidate sent
[Peer A] [Videolify] ICE candidate sent
[Peer B] [Videolify] ICE candidate sent
[Peer B] [Videolify] ICE candidate sent
[Peer B] [Videolify] ICE candidate sent
[Peer B] [Videolify] ICE candidate sent
[Peer B] [Videolify] Adding ICE candidate
[Peer A] [Videolify] Queuing ICE candidate - remote description not ready
[Peer A] [Videolify] Queuing ICE candidate - remote description not ready
[Peer A] [Videolify] Queuing ICE candidate - remote description not ready
[Peer A] [Videolify] Queuing ICE candidate - remote description not ready
[Peer B] [Videolify] Adding ICE candidate
[Peer A] [Videolify] Queuing ICE candidate - remote description not ready
[Peer A] [Videolify] Queuing ICE candidate - remote description not ready
[Peer A] [Videolify] Queuing ICE candidate - remote description not ready
[Peer A] [Videolify] Queuing ICE candidate - remote description not ready
[Peer B] [Videolify] Adding ICE candidate
[Peer B] [Videolify] Adding ICE candidate
[Peer B] [Videolify] Adding ICE candidate
[Peer B] [Videolify] Adding ICE candidate
[Peer A] [Videolify] ICE connection state: checking
[Peer B] [Videolify] ICE candidate added successfully
[Peer B] [Videolify] ICE candidate added successfully
[Peer B] [Videolify] ICE connection state: checking
[Peer B] [Videolify] ICE candidate added successfully
[Peer B] [Videolify] ICE candidate added successfully
[Peer B] [Videolify] ICE candidate added successfully
[Peer B] [Videolify] ICE candidate added successfully
[Peer B] [Videolify] Connection state: connecting
[Peer B] đŸ”„ [Videolify] Connection establishing...
[Peer A] [Videolify] Connection state: connecting
[Peer A] đŸ”„ [Videolify] Connection establishing...
[Peer B] [Videolify] ICE connection state: connected
[Peer B] âœ… [Videolify] ICE Connection established/restored
[Peer B] [Videolify] ICE gathering state: complete
[Peer B] âœ… [Videolify] ICE gathering completed successfully
[Peer B] [Videolify] ICE gathering complete (null candidate)
[Peer A] [Videolify] ICE candidate sent
[Peer B] [Videolify] Adding ICE candidate
[Peer B] [Videolify] Adding ICE candidate
[Peer B] [Videolify] ICE candidate added successfully
[Peer B] [Videolify] ICE candidate added successfully
[Peer B] [Videolify] Answer sent to signaling server (targeted to: peer-1762507132614-6gopgdp82 messageId: answer-peer-1762507074085-i5i4i619d-1762507139442 )
[Peer B] [Videolify] ICE candidate sent
[Peer B] [Videolify] ICE candidate sent
[Peer B] [Videolify] ICE candidate sent
[Peer A] [Videolify] ICE candidate sent
[Peer A] [Videolify] ICE candidate sent
[Peer A] [Videolify] ICE candidate sent
[Peer B] [Videolify] Adding ICE candidate
[Peer A] [Videolify] Received answer from peer peer-1762507074085-i5i4i619d
[Peer A] [Videolify] Setting remote description (answer) - signalingState: have-local-offer
[Peer B] [Videolify] Adding ICE candidate
[Peer B] [Videolify] Adding ICE candidate
[Peer A] [Videolify] Queuing ICE candidate - remote description not ready
[Peer A] [Videolify] Queuing ICE candidate - remote description not ready
[Peer A] [Videolify] Queuing ICE candidate - remote description not ready
[Peer A] [Videolify] Received answer from peer peer-1762507074085-i5i4i619d
[Peer A] [Videolify] Setting remote description (answer) - signalingState: have-local-offer
[Peer B] [Videolify] Adding ICE candidate
[Peer B] [Videolify] Adding ICE candidate
[Peer A] [Videolify] Queuing ICE candidate - remote description not ready
[Peer A] [Videolify] Queuing ICE candidate - remote description not ready
[Peer A] [Videolify] Queuing ICE candidate - remote description not ready
[Peer B] [Videolify] Adding ICE candidate
[Peer B] [Videolify] ICE candidate added successfully
[Peer B] [Videolify] ICE candidate added successfully
[Peer B] [Videolify] ICE candidate added successfully
[Peer B] [Videolify] ICE candidate added successfully
[Peer B] [Videolify] ICE candidate added successfully
[Peer B] [Videolify] ICE candidate added successfully
[Peer B] [Videolify] Connection state: connected
[Peer B] âœ… [Videolify] P2P Connection Established - Server load now 0%
[Peer A] [Videolify] ontrack event fired!
[Peer A] [Videolify] Track kind: audio
[Peer A] [Videolify] Streams: JSHandle@array
[Peer A] [Videolify] remoteVideoRef.current: JSHandle@node
[Peer A] âœ… [Videolify] Remote video stream attached
[Peer A] [Videolify] ontrack event fired!
[Peer A] [Videolify] Track kind: video
[Peer A] [Videolify] Streams: JSHandle@array
[Peer A] [Videolify] remoteVideoRef.current: JSHandle@node
[Peer A] âœ… [Videolify] Remote video stream attached
[Peer A] [Videolify] ICE connection state: connected
[Peer A] âœ… [Videolify] ICE Connection established/restored
[Peer A] âœ… [Videolify] Remote description (answer) set successfully
[Peer A] [Videolify] Draining queued ICE candidates (answer): 36
[Peer A] [Videolify] Failed to set remote description (answer): JSHandle@error
[Peer A] [Videolify] Ignoring setRemoteDescription error - already in stable state (race condition)
[Peer B] âœ… [Videolify] Whiteboard DataChannel OPEN - Ready for P2P drawing
[Peer B] âœ… [Videolify] Chat DataChannel OPEN - Ready for P2P messaging
[Peer B] âœ… [Videolify] Control DataChannel OPEN
[Peer B] âœ… [Videolify] File DataChannel OPEN - Ready for P2P file transfer
[Peer A] âœ… [Videolify] Whiteboard DataChannel OPEN - Ready for P2P drawing
[Peer A] âœ… [Videolify] Chat DataChannel OPEN - Ready for P2P messaging
[Peer A] âœ… [Videolify] Control DataChannel OPEN
[Peer A] âœ… [Videolify] File DataChannel OPEN - Ready for P2P file transfer
[Peer A] [Videolify] ICE gathering state: complete
[Peer A] âœ… [Videolify] ICE gathering completed successfully
[Peer A] [Videolify] ICE gathering complete (null candidate)
[Peer A] [Videolify] Connection state: connected
[Peer A] âœ… [Videolify] P2P Connection Established - Server load now 0%
[Peer A] [Videolify] ICE candidate sent
[Peer B] [Videolify] Adding ICE candidate
[Peer B] [Videolify] Adding ICE candidate
[Peer B] [Videolify] ICE candidate added successfully
[Peer B] [Videolify] ICE candidate added successfully
[Peer A] [Videolify] ICE candidate sent
[Peer A] [Videolify] ICE candidate sent
[Peer A] [Videolify] ICE candidate sent
[Peer B] [Videolify] ICE candidate sent
[Peer B] [Videolify] ICE candidate sent
[Peer B] [Videolify] Adding ICE candidate
[Peer A] [Videolify] Adding ICE candidate
[Peer B] [Videolify] Adding ICE candidate
[Peer A] [Videolify] Adding ICE candidate
[Peer B] [Videolify] Adding ICE candidate
[Peer B] [Videolify] Adding ICE candidate
[Peer A] [Videolify] Adding ICE candidate
[Peer B] [Videolify] Adding ICE candidate
[Peer A] [Videolify] Adding ICE candidate
[Peer B] [Videolify] Adding ICE candidate
[Peer B] [Videolify] ICE candidate added successfully
[Peer A] [Videolify] ICE candidate added successfully
[Peer A] [Videolify] ICE candidate added successfully
[Peer B] [Videolify] ICE candidate added successfully
[Peer A] [Videolify] ICE candidate added successfully
[Peer B] [Videolify] ICE candidate added successfully
[Peer A] [Videolify] ICE candidate added successfully
[Peer B] [Videolify] ICE candidate added successfully
[Peer B] [Videolify] ICE candidate added successfully
[Peer B] [Videolify] ICE candidate added successfully
[Peer B] [Videolify] Adding ICE candidate
[Peer A] [Videolify] ICE candidate sent
[Peer B] [Videolify] Adding ICE candidate
[Peer B] [Videolify] ICE candidate added successfully
[Peer B] [Videolify] ICE candidate added successfully
[Peer A] [Videolify] ICE candidate sent
[Peer A] [Videolify] ICE candidate sent
[Peer A] [Videolify] ICE candidate sent
[Peer B] [Videolify] Adding ICE candidate
[Peer B] [Videolify] Adding ICE candidate
[Peer B] [Videolify] Adding ICE candidate
[Peer B] [Videolify] Adding ICE candidate
[Peer B] [Videolify] Adding ICE candidate
[Peer B] [Videolify] Adding ICE candidate
[Peer B] [Videolify] ICE candidate added successfully
[Peer B] [Videolify] ICE candidate added successfully
[Peer B] [Videolify] ICE candidate added successfully
[Peer B] [Videolify] ICE candidate added successfully
[Peer B] [Videolify] ICE candidate added successfully
[Peer B] [Videolify] ICE candidate added successfully
[Peer B] [Videolify] ICE gathering failed - triggering restart
[Peer B] đŸ”„ [Videolify] ICE restart attempt 1/3, delay: 1000ms
[Peer B] [Videolify] PeerConnection closed, cannot restart ICE
[A] Waiting for connection...
âœ… [A] Connected successfully
[B] Waiting for connection...
âœ… [B] Connected successfully
âœ… Successfully reconnected after browser close/rejoin

âœ… PASSED (20595ms)


================================================================================
đŸ§ª TEST 6: ICE Connection Failure Recovery
đŸ“ Verify reconnection when ICE candidates fail
================================================================================

[A] Simulating ICE failure by blocking STUN/TURN...
[Peer A] [Test] Forcing ICE restart...
[Peer B] â ï¸ [Videolify] No pong received for 72017ms - connection may be dead
[Peer B] âŒ [Videolify] Heartbeat timeout - triggering ICE restart
[Peer B] đŸ”„ [Videolify] ICE restart attempt 2/3, delay: 2000ms
[Peer B] [Videolify] Creating ICE restart offer...
[Peer B] [Videolify] ICE gathering state: gathering
[Peer B] [Videolify] Sending ICE candidate to signaling server
[Peer B] [Videolify] Sending ICE candidate to signaling server
[Peer B] [Videolify] Sending ICE candidate to signaling server
[Peer B] [Videolify] Sending ICE candidate to signaling server
[Peer B] [Videolify] Sending ICE candidate to signaling server
[Peer B] [Videolify] ICE gathering state: complete
[Peer B] âœ… [Videolify] ICE gathering completed successfully
[Peer B] [Videolify] ICE gathering complete (null candidate)
[Peer B] âœ… [Videolify] ICE restart offer sent
[Peer B] [Videolify] ICE candidate sent
[Peer B] [Videolify] ICE candidate sent
[Peer A] [Videolify] Received offer from peer peer-1762507074085-i5i4i619d
[Peer A] đŸ¤ [Videolify] Peer role assigned: IMPOLITE (local: peer-1762507132614-6gopgdp82, remote: peer-1762507074085-i5i4i619d)
[Peer A] [Videolify] Setting remote description (offer) - signalingState: stable
[Peer A] [Videolify] Adding ICE candidate
[Peer A] [Videolify] Adding ICE candidate
[Peer A] [Videolify] Received offer from peer peer-1762507074085-i5i4i619d
[Peer A] đŸ¤ [Videolify] Peer role assigned: IMPOLITE (local: peer-1762507132614-6gopgdp82, remote: peer-1762507074085-i5i4i619d)
[Peer A] [Videolify] Setting remote description (offer) - signalingState: stable
[Peer A] [Videolify] Adding ICE candidate
[Peer A] [Videolify] Adding ICE candidate
[Peer A] [Videolify] signalingState after setRemoteDescription: have-remote-offer
[Peer A] [Videolify] Creating answer...
[Peer A] [Videolify] ICE candidate added successfully
[Peer A] [Videolify] ICE candidate added successfully
[Peer A] [Videolify] signalingState after setRemoteDescription: have-remote-offer
[Peer A] [Videolify] Creating answer...
[Peer A] [Videolify] ICE candidate added successfully
[Peer A] [Videolify] ICE candidate added successfully
[Peer A] [Videolify] Local description set (answer)
[Peer A] [Videolify] Failed to set local description (answer): JSHandle@error
[Peer A] [Videolify] Ignoring setLocalDescription error - already in stable state
[Peer A] [Videolify] ICE gathering state: gathering
[Peer A] [Videolify] Sending ICE candidate to signaling server
[Peer A] [Videolify] Sending ICE candidate to signaling server
[Peer A] [Videolify] ICE gathering state: complete
[Peer A] âœ… [Videolify] ICE gathering completed successfully
[Peer A] [Videolify] ICE gathering complete (null candidate)
[Peer B] [Videolify] ICE candidate sent
[Peer A] [Videolify] Adding ICE candidate
[Peer A] [Videolify] Adding ICE candidate
[Peer A] [Videolify] ICE candidate added successfully
[Peer A] [Videolify] ICE candidate added successfully
[Peer B] [Videolify] ICE candidate sent
[Peer B] [Videolify] ICE candidate sent
[Peer A] [Videolify] Adding ICE candidate
[Peer A] [Videolify] Adding ICE candidate
[Peer A] [Videolify] Adding ICE candidate
[Peer A] [Videolify] Adding ICE candidate
[Peer A] [Videolify] ICE candidate added successfully
[Peer A] [Videolify] ICE candidate added successfully
[Peer A] [Videolify] ICE candidate added successfully
[Peer A] [Videolify] ICE candidate added successfully
[Peer A] [Videolify] Answer sent to signaling server (targeted to: peer-1762507074085-i5i4i619d messageId: answer-peer-1762507132614-6gopgdp82-1762507148665 )
[Peer A] [Videolify] ICE candidate sent
[Peer A] [Videolify] ICE candidate sent
[Peer B] [Videolify] Received answer from peer peer-1762507132614-6gopgdp82
[Peer B] [Videolify] Setting remote description (answer) - signalingState: have-local-offer
[Peer B] [Videolify] Adding ICE candidate
[Peer B] [Videolify] Adding ICE candidate
[Peer B] [Videolify] Received answer from peer peer-1762507132614-6gopgdp82
[Peer B] [Videolify] Setting remote description (answer) - signalingState: have-local-offer
[Peer B] [Videolify] Adding ICE candidate
[Peer B] [Videolify] Adding ICE candidate
[Peer B] âœ… [Videolify] Remote description (answer) set successfully
[Peer B] [Videolify] ICE candidate added successfully
[Peer B] [Videolify] ICE candidate added successfully
[Peer B] [Videolify] Failed to set remote description (answer): JSHandle@error
[Peer B] [Videolify] Ignoring setRemoteDescription error - already in stable state (race condition)
[Peer B] [Videolify] ICE candidate added successfully
[Peer B] [Videolify] ICE candidate added successfully
[Peer B] â ï¸ [Videolify] No pong received for 77017ms - connection may be dead
[Peer B] âŒ [Videolify] Heartbeat timeout - triggering ICE restart
[Peer B] đŸ”„ [Videolify] ICE restart attempt 3/3, delay: 4000ms
[Peer A] â ï¸ [Videolify] No pong received for 18543ms - connection may be dead
[A] Restoring network...
âœ… Recovered from ICE connection failure

âœ… PASSED (10261ms)


================================================================================
đŸ§ª TEST 7: SSE Signaling Server Disconnect
đŸ“ Verify P2P connection survives when signaling server disconnects
================================================================================

[A] Blocking SSE connection...
[A] SSE blocked, waiting 10 seconds...
[Peer B] [Videolify] Creating ICE restart offer...
[Peer B] [Videolify] ICE gathering state: gathering
[Peer B] [Videolify] Sending ICE candidate to signaling server
[Peer B] [Videolify] Sending ICE candidate to signaling server
[Peer B] [Videolify] Sending ICE candidate to signaling server
[Peer B] [Videolify] Sending ICE candidate to signaling server
[Peer B] [Videolify] Sending ICE candidate to signaling server
[Peer B] âœ… [Videolify] ICE restart offer sent
[Peer B] [Videolify] ICE candidate sent
[Peer B] [Videolify] ICE candidate sent
[Peer B] [Videolify] ICE candidate sent
[Peer A] [Videolify] Received offer from peer peer-1762507074085-i5i4i619d
[Peer A] đŸ¤ [Videolify] Peer role assigned: IMPOLITE (local: peer-1762507132614-6gopgdp82, remote: peer-1762507074085-i5i4i619d)
[Peer A] [Videolify] Setting remote description (offer) - signalingState: stable
[Peer A] [Videolify] Adding ICE candidate
[Peer A] [Videolify] Adding ICE candidate
[Peer A] [Videolify] Adding ICE candidate
[Peer A] [Videolify] Received offer from peer peer-1762507074085-i5i4i619d
[Peer A] đŸ¤ [Videolify] Peer role assigned: IMPOLITE (local: peer-1762507132614-6gopgdp82, remote: peer-1762507074085-i5i4i619d)
[Peer A] [Videolify] Setting remote description (offer) - signalingState: stable
[Peer A] [Videolify] Adding ICE candidate
[Peer A] [Videolify] Adding ICE candidate
[Peer A] [Videolify] Adding ICE candidate
[Peer A] [Videolify] signalingState after setRemoteDescription: have-remote-offer
[Peer A] [Videolify] Creating answer...
[Peer A] [Videolify] ICE candidate added successfully
[Peer A] [Videolify] ICE candidate added successfully
[Peer A] [Videolify] ICE candidate added successfully
[Peer A] [Videolify] signalingState after setRemoteDescription: have-remote-offer
[Peer A] [Videolify] Creating answer...
[Peer A] [Videolify] ICE candidate added successfully
[Peer A] [Videolify] ICE candidate added successfully
[Peer A] [Videolify] ICE candidate added successfully
[Peer B] [Videolify] ICE gathering state: complete
[Peer B] âœ… [Videolify] ICE gathering completed successfully
[Peer B] [Videolify] ICE gathering complete (null candidate)
[Peer A] [Videolify] Local description set (answer)
[Peer A] [Videolify] Failed to set local description (answer): JSHandle@error
[A] Blocking SSE: http://localhost:3000/api/videolify/signal
node : file:///E:/LopHocTruc
Tuyen/node_modules/puppeteer
-core/lib/esm/puppeteer/util
/assert.js:15
At line:1 char:2
+  node E:\LopHocTrucTuyen\t
est-videolify-resilience.mjs
 > E:\LopHocTru ...
+  ~~~~~~~~~~~~~~~~~~~~~~~~~
~~~~~~~~~~~~~~~~~~~~~~~~~~~~
~~~~~~~~~~~~~~~
    + CategoryInfo          
    : NotSpecified: (file:  
  ///E:/LopH...il/assert.   
 js:15:String) [], Remot    
eException
    + FullyQualifiedErrorId 
    : NativeCommandError
 
        throw new 
Error(message);
              ^

Error: Request is already 
handled!
    at assert (file:///E:/Lo
pHocTrucTuyen/node_modules/p
uppeteer-core/lib/esm/puppet
eer/util/assert.js:15:15)
    at CdpHTTPRequest.verify
Interception (file:///E:/Lop
HocTrucTuyen/node_modules/pu
ppeteer-core/lib/esm/puppete
er/api/HTTPRequest.js:165:9)
    at CdpHTTPRequest.abort 
(file:///E:/LopHocTrucTuyen/
node_modules/puppeteer-core/
lib/esm/puppeteer/api/HTTPRe
quest.js:294:14)
    at file:///E:/LopHocTruc
Tuyen/test-videolify-resilie
nce.mjs:610:21
    at file:///E:/LopHocTruc
Tuyen/node_modules/puppeteer
-core/lib/esm/puppeteer/api/
Page.js:218:32
    at runNextTicks (node:in
ternal/process/task_queues:6
5:5)
    at listOnTimeout 
(node:internal/timers:549:9)
    at 
process.processTimers 
(node:internal/timers:523:7)
    at async CdpHTTPRequest.
finalizeInterceptions (file:
///E:/LopHocTrucTuyen/node_m
odules/puppeteer-core/lib/es
m/puppeteer/api/HTTPRequest.
js:143:9)

Node.js v22.20.0
